loading index-reconstitution events for name->symbol resolution ...
  2084 distinct company names resolvable
warming up session (nseindia.com home page for cookies) ...
  [1/41] 2023-04-01..2023-04-30: 158705 raw, 18 new distinct AppIDs (running total 18)
  [2/41] 2023-05-01..2023-05-31: 116 raw, 9 new distinct AppIDs (running total 27)
  [3/41] 2023-06-01..2023-06-30: 1375 raw, 17 new distinct AppIDs (running total 44)
  [4/41] 2023-07-01..2023-07-31: 660 raw, 25 new distinct AppIDs (running total 69)
  [5/41] 2023-08-01..2023-08-31: 3594 raw, 24 new distinct AppIDs (running total 93)
  [6/41] 2023-09-01..2023-09-30: 1945 raw, 23 new distinct AppIDs (running total 116)
  [7/41] 2023-10-01..2023-10-31: 1137 raw, 21 new distinct AppIDs (running total 137)
  [8/41] 2023-11-01..2023-11-30: 1290 raw, 26 new distinct AppIDs (running total 163)
  [9/41] 2023-12-01..2023-12-31: 577 raw, 30 new distinct AppIDs (running total 193)
  [10/41] 2024-01-01..2024-01-31: 405 raw, 24 new distinct AppIDs (running total 217)
  [11/41] 2024-02-01..2024-02-29: 388 raw, 22 new distinct AppIDs (running total 239)
  [12/41] 2024-03-01..2024-03-31: 737 raw, 34 new distinct AppIDs (running total 273)
  [13/41] 2024-04-01..2024-04-30: 3663 raw, 26 new distinct AppIDs (running total 299)
  [14/41] 2024-05-01..2024-05-31: 333 raw, 15 new distinct AppIDs (running total 314)
  [15/41] 2024-06-01..2024-06-30: 1601 raw, 31 new distinct AppIDs (running total 345)
  [16/41] 2024-07-01..2024-07-31: 1924 raw, 30 new distinct AppIDs (running total 375)
  [17/41] 2024-08-01..2024-08-31: 464 raw, 31 new distinct AppIDs (running total 406)
  [18/41] 2024-09-01..2024-09-30: 831 raw, 35 new distinct AppIDs (running total 441)
  [19/41] 2024-10-01..2024-10-31: 1269 raw, 41 new distinct AppIDs (running total 482)
  [20/41] 2024-11-01..2024-11-30: 304 raw, 21 new distinct AppIDs (running total 503)
  [21/41] 2024-12-01..2024-12-31: 462 raw, 30 new distinct AppIDs (running total 533)
  [22/41] 2025-01-01..2025-01-31: 535 raw, 25 new distinct AppIDs (running total 558)
  [23/41] 2025-02-01..2025-02-28: 512 raw, 19 new distinct AppIDs (running total 577)
  [24/41] 2025-03-01..2025-03-31: 313 raw, 26 new distinct AppIDs (running total 603)
  [25/41] 2025-04-01..2025-04-30: 4173 raw, 25 new distinct AppIDs (running total 628)
  [26/41] 2025-05-01..2025-05-31: 472 raw, 16 new distinct AppIDs (running total 644)
  [27/41] 2025-06-01..2025-06-30: 318 raw, 20 new distinct AppIDs (running total 664)
  [28/41] 2025-07-01..2025-07-31: 916 raw, 32 new distinct AppIDs (running total 696)
  [29/41] 2025-08-01..2025-08-31: 254 raw, 24 new distinct AppIDs (running total 720)
  [30/41] 2025-09-01..2025-09-30: 904 raw, 28 new distinct AppIDs (running total 748)
  [31/41] 2025-10-01..2025-10-31: 1432 raw, 40 new distinct AppIDs (running total 788)
  [32/41] 2025-11-01..2025-11-30: 607 raw, 21 new distinct AppIDs (running total 809)
  [33/41] 2025-12-01..2025-12-31: 912 raw, 34 new distinct AppIDs (running total 843)
  [34/41] 2026-01-01..2026-01-31: 1118 raw, 27 new distinct AppIDs (running total 870)
  [35/41] 2026-02-01..2026-02-28: 1083 raw, 37 new distinct AppIDs (running total 907)
  [36/41] 2026-03-01..2026-03-31: 796 raw, 26 new distinct AppIDs (running total 933)
  [37/41] 2026-04-01..2026-04-30: 6827 raw, 46 new distinct AppIDs (running total 979)
  [38/41] 2026-05-01..2026-05-31: 2480 raw, 14 new distinct AppIDs (running total 993)
  [39/41] 2026-06-01..2026-06-30: 358 raw, 20 new distinct AppIDs (running total 1013)
  [40/41] 2026-07-01..2026-07-31: 819 raw, 36 new distinct AppIDs (running total 1049)
  [41/41] 2026-08-01..2026-08-24: 346 raw, 31 new distinct AppIDs (running total 1080)

Done in 33s. 1080 distinct rating actions, 697 (64.5%) resolved to a real symbol.
Wrote C:\Users\parik\OneDrive\Desktop\Data test\data\credit_ratings\rating_actions.csv
