computing the full point-in-time eligible universe (ever-eligible union) ...
  926 symbols were ever eligible across 2004-01-01..2026-08-13
warming up session (nseindia.com home page for cookies) ...
  20MICRONS: 264 disclosures
[1/926] 20MICRONS: wrote 264 rows (1s elapsed, 0.6s/symbol avg)
  360ONE: 1704 disclosures
[2/926] 360ONE: wrote 1704 rows (1s elapsed, 0.6s/symbol avg)
  3IINFOTECH: 26 disclosures
[3/926] 3IINFOTECH: wrote 26 rows (2s elapsed, 0.6s/symbol avg)
  8KMILES: 0 disclosures
[4/926] 8KMILES: wrote 0 rows (2s elapsed, 0.5s/symbol avg)
  AANJANEYA: 0 disclosures
[5/926] AANJANEYA: wrote 0 rows (3s elapsed, 0.5s/symbol avg)
  AARTIDRUGS: 469 disclosures
[6/926] AARTIDRUGS: wrote 469 rows (3s elapsed, 0.5s/symbol avg)
  AARTIIND: 796 disclosures
[7/926] AARTIIND: wrote 796 rows (4s elapsed, 0.5s/symbol avg)
  ABAN: 6 disclosures
[8/926] ABAN: wrote 6 rows (4s elapsed, 0.5s/symbol avg)
  ABANLLOYD: 0 disclosures
[9/926] ABANLLOYD: wrote 0 rows (4s elapsed, 0.5s/symbol avg)
  ABANLOYD: 0 disclosures
[10/926] ABANLOYD: wrote 0 rows (5s elapsed, 0.5s/symbol avg)
  ABB: 2 disclosures
[11/926] ABB: wrote 2 rows (5s elapsed, 0.5s/symbol avg)
  ABBOTINDIA: 0 disclosures
[12/926] ABBOTINDIA: wrote 0 rows (6s elapsed, 0.5s/symbol avg)
  ABCAPITAL: 303 disclosures
[13/926] ABCAPITAL: wrote 303 rows (6s elapsed, 0.5s/symbol avg)
  ABFRL: 71 disclosures
[14/926] ABFRL: wrote 71 rows (7s elapsed, 0.5s/symbol avg)
  ABGSHIP: 5 disclosures
[15/926] ABGSHIP: wrote 5 rows (7s elapsed, 0.5s/symbol avg)
  ABIRLANUVO: 23 disclosures
[16/926] ABIRLANUVO: wrote 23 rows (8s elapsed, 0.5s/symbol avg)
  ACC: 6 disclosures
[17/926] ACC: wrote 6 rows (8s elapsed, 0.5s/symbol avg)
  ACUTAAS: 21 disclosures
[18/926] ACUTAAS: wrote 21 rows (9s elapsed, 0.5s/symbol avg)
  ADANIENSOL: 427 disclosures
[19/926] ADANIENSOL: wrote 427 rows (9s elapsed, 0.5s/symbol avg)
  ADANIENT: 365 disclosures
[20/926] ADANIENT: wrote 365 rows (10s elapsed, 0.5s/symbol avg)
  ADANIEXPO: 0 disclosures
[21/926] ADANIEXPO: wrote 0 rows (10s elapsed, 0.5s/symbol avg)
  ADANIGAS: 0 disclosures
[22/926] ADANIGAS: wrote 0 rows (11s elapsed, 0.5s/symbol avg)
  ADANIGREEN: 141 disclosures
[23/926] ADANIGREEN: wrote 141 rows (11s elapsed, 0.5s/symbol avg)
  ADANIPORTS: 806 disclosures
[24/926] ADANIPORTS: wrote 806 rows (12s elapsed, 0.5s/symbol avg)
  ADANIPOWER: 211 disclosures
[25/926] ADANIPOWER: wrote 211 rows (13s elapsed, 0.5s/symbol avg)
  ADANITRANS: 0 disclosures
[26/926] ADANITRANS: wrote 0 rows (13s elapsed, 0.5s/symbol avg)
  ADHUNIK: 26 disclosures
[27/926] ADHUNIK: wrote 26 rows (14s elapsed, 0.5s/symbol avg)
  ADLABSFILM: 0 disclosures
[28/926] ADLABSFILM: wrote 0 rows (14s elapsed, 0.5s/symbol avg)
  ADORWELD: 0 disclosures
[29/926] ADORWELD: wrote 0 rows (14s elapsed, 0.5s/symbol avg)
  AEGISCHEM: 0 disclosures
[30/926] AEGISCHEM: wrote 0 rows (15s elapsed, 0.5s/symbol avg)
  AEGISLOG: 75 disclosures
[31/926] AEGISLOG: wrote 75 rows (15s elapsed, 0.5s/symbol avg)
  AFFLE: 167 disclosures
[32/926] AFFLE: wrote 167 rows (16s elapsed, 0.5s/symbol avg)
  AFTEKINFO: 0 disclosures
[33/926] AFTEKINFO: wrote 0 rows (16s elapsed, 0.5s/symbol avg)
  AHMEDFORGE: 0 disclosures
[34/926] AHMEDFORGE: wrote 0 rows (17s elapsed, 0.5s/symbol avg)
  AIAENG: 159 disclosures
[35/926] AIAENG: wrote 159 rows (17s elapsed, 0.5s/symbol avg)
  AIRDECCAN: 0 disclosures
[36/926] AIRDECCAN: wrote 0 rows (18s elapsed, 0.5s/symbol avg)
  AJANTPHARM: 414 disclosures
[37/926] AJANTPHARM: wrote 414 rows (18s elapsed, 0.5s/symbol avg)
  AKRUTI: 0 disclosures
[38/926] AKRUTI: wrote 0 rows (19s elapsed, 0.5s/symbol avg)
  ALBK: 9 disclosures
[39/926] ALBK: wrote 9 rows (19s elapsed, 0.5s/symbol avg)
  ALEMBICLTD: 177 disclosures
[40/926] ALEMBICLTD: wrote 177 rows (20s elapsed, 0.5s/symbol avg)
  ALKEM: 278 disclosures
[41/926] ALKEM: wrote 278 rows (20s elapsed, 0.5s/symbol avg)
  ALKYLAMINE: 211 disclosures
[42/926] ALKYLAMINE: wrote 211 rows (21s elapsed, 0.5s/symbol avg)
  ALOKINDS: 12 disclosures
[43/926] ALOKINDS: wrote 12 rows (21s elapsed, 0.5s/symbol avg)
  ALOKTEXT: 63 disclosures
[44/926] ALOKTEXT: wrote 63 rows (22s elapsed, 0.5s/symbol avg)
  ALPSINDUS: 6 disclosures
[45/926] ALPSINDUS: wrote 6 rows (22s elapsed, 0.5s/symbol avg)
  AMARAJABAT: 0 disclosures
[46/926] AMARAJABAT: wrote 0 rows (23s elapsed, 0.5s/symbol avg)
  AMBER: 14 disclosures
[47/926] AMBER: wrote 14 rows (23s elapsed, 0.5s/symbol avg)
  AMBUJACEM: 44 disclosures
[48/926] AMBUJACEM: wrote 44 rows (24s elapsed, 0.5s/symbol avg)
  AMRUTANJAN: 83 disclosures
[49/926] AMRUTANJAN: wrote 83 rows (24s elapsed, 0.5s/symbol avg)
  AMTEKAUTO: 2 disclosures
[50/926] AMTEKAUTO: wrote 2 rows (25s elapsed, 0.5s/symbol avg)
  AMTEKINDIA: 0 disclosures
[51/926] AMTEKINDIA: wrote 0 rows (25s elapsed, 0.5s/symbol avg)
  ANANTRAJ: 98 disclosures
[52/926] ANANTRAJ: wrote 98 rows (26s elapsed, 0.5s/symbol avg)
  ANDHRABANK: 4 disclosures
[53/926] ANDHRABANK: wrote 4 rows (26s elapsed, 0.5s/symbol avg)
  ANDHRSUGAR: 8 disclosures
[54/926] ANDHRSUGAR: wrote 8 rows (27s elapsed, 0.5s/symbol avg)
  ANGELBRKG: 0 disclosures
[55/926] ANGELBRKG: wrote 0 rows (27s elapsed, 0.5s/symbol avg)
  ANGELONE: 62 disclosures
[56/926] ANGELONE: wrote 62 rows (28s elapsed, 0.5s/symbol avg)
  ANSALINFRA: 0 disclosures
[57/926] ANSALINFRA: wrote 0 rows (28s elapsed, 0.5s/symbol avg)
  APARINDS: 143 disclosures
[58/926] APARINDS: wrote 143 rows (29s elapsed, 0.5s/symbol avg)
  APIL: 0 disclosures
[59/926] APIL: wrote 0 rows (29s elapsed, 0.5s/symbol avg)
  APLAPOLLO: 270 disclosures
[60/926] APLAPOLLO: wrote 270 rows (30s elapsed, 0.5s/symbol avg)
  APLLTD: 116 disclosures
[61/926] APLLTD: wrote 116 rows (30s elapsed, 0.5s/symbol avg)
  APOLLO: 82 disclosures
[62/926] APOLLO: wrote 82 rows (31s elapsed, 0.5s/symbol avg)
  APOLLOHOSP: 197 disclosures
[63/926] APOLLOHOSP: wrote 197 rows (32s elapsed, 0.5s/symbol avg)
  APOLLOTYRE: 183 disclosures
[64/926] APOLLOTYRE: wrote 183 rows (33s elapsed, 0.5s/symbol avg)
  APPAPER: 0 disclosures
[65/926] APPAPER: wrote 0 rows (33s elapsed, 0.5s/symbol avg)
  APTECHT: 108 disclosures
[66/926] APTECHT: wrote 108 rows (34s elapsed, 0.5s/symbol avg)
  ARCOTECH: 90 disclosures
[67/926] ARCOTECH: wrote 90 rows (34s elapsed, 0.5s/symbol avg)
  AREVAT&D: 0 disclosures
[68/926] AREVAT&D: wrote 0 rows (35s elapsed, 0.5s/symbol avg)
  ARSSINFRA: 14 disclosures
[69/926] ARSSINFRA: wrote 14 rows (35s elapsed, 0.5s/symbol avg)
  ARVIND: 185 disclosures
[70/926] ARVIND: wrote 185 rows (36s elapsed, 0.5s/symbol avg)
  ARVINDMILL: 0 disclosures
[71/926] ARVINDMILL: wrote 0 rows (36s elapsed, 0.5s/symbol avg)
  ARVINDREM: 0 disclosures
[72/926] ARVINDREM: wrote 0 rows (37s elapsed, 0.5s/symbol avg)
  ASHOKLEY: 25 disclosures
[73/926] ASHOKLEY: wrote 25 rows (37s elapsed, 0.5s/symbol avg)
  ASIANELEC: 0 disclosures
[74/926] ASIANELEC: wrote 0 rows (38s elapsed, 0.5s/symbol avg)
  ASIANPAINT: 118 disclosures
[75/926] ASIANPAINT: wrote 118 rows (38s elapsed, 0.5s/symbol avg)
  ASTRAL: 105 disclosures
[76/926] ASTRAL: wrote 105 rows (39s elapsed, 0.5s/symbol avg)
  ASTRAMICRO: 85 disclosures
[77/926] ASTRAMICRO: wrote 85 rows (39s elapsed, 0.5s/symbol avg)
  ASTRAZEN: 0 disclosures
[78/926] ASTRAZEN: wrote 0 rows (40s elapsed, 0.5s/symbol avg)
  ATGL: 29 disclosures
[79/926] ATGL: wrote 29 rows (40s elapsed, 0.5s/symbol avg)
  ATHERENERG: 0 disclosures
[80/926] ATHERENERG: wrote 0 rows (41s elapsed, 0.5s/symbol avg)
  ATLANTA: 0 disclosures
[81/926] ATLANTA: wrote 0 rows (42s elapsed, 0.5s/symbol avg)
  ATUL: 261 disclosures
[82/926] ATUL: wrote 261 rows (42s elapsed, 0.5s/symbol avg)
  ATULAUTO: 47 disclosures
[83/926] ATULAUTO: wrote 47 rows (43s elapsed, 0.5s/symbol avg)
  AUBANK: 1799 disclosures
[84/926] AUBANK: wrote 1799 rows (43s elapsed, 0.5s/symbol avg)
  AUROPHARMA: 500 disclosures
[85/926] AUROPHARMA: wrote 500 rows (44s elapsed, 0.5s/symbol avg)
  AUSTRAL: 0 disclosures
[86/926] AUSTRAL: wrote 0 rows (44s elapsed, 0.5s/symbol avg)
  AVANTIFEED: 53 disclosures
[87/926] AVANTIFEED: wrote 53 rows (45s elapsed, 0.5s/symbol avg)
  AVENTIS: 0 disclosures
[88/926] AVENTIS: wrote 0 rows (46s elapsed, 0.5s/symbol avg)
  AWL: 0 disclosures
[89/926] AWL: wrote 0 rows (46s elapsed, 0.5s/symbol avg)
  AXISBANK: 6453 disclosures
[90/926] AXISBANK: wrote 6453 rows (47s elapsed, 0.5s/symbol avg)
  AZTEC: 0 disclosures
[91/926] AZTEC: wrote 0 rows (48s elapsed, 0.5s/symbol avg)
  BAGFILMS: 13 disclosures
[92/926] BAGFILMS: wrote 13 rows (48s elapsed, 0.5s/symbol avg)
  BAJAJ-AUTO: 850 disclosures
[93/926] BAJAJ-AUTO: wrote 850 rows (49s elapsed, 0.5s/symbol avg)
  BAJAJAUTO: 0 disclosures
[94/926] BAJAJAUTO: wrote 0 rows (49s elapsed, 0.5s/symbol avg)
  BAJAJELEC: 1082 disclosures
[95/926] BAJAJELEC: wrote 1082 rows (50s elapsed, 0.5s/symbol avg)
  BAJAJFINSV: 526 disclosures
[96/926] BAJAJFINSV: wrote 526 rows (50s elapsed, 0.5s/symbol avg)
  BAJAJHIND: 78 disclosures
[97/926] BAJAJHIND: wrote 78 rows (51s elapsed, 0.5s/symbol avg)
  BAJAJHLDNG: 301 disclosures
[98/926] BAJAJHLDNG: wrote 301 rows (52s elapsed, 0.5s/symbol avg)
  BAJFINANCE: 2078 disclosures
[99/926] BAJFINANCE: wrote 2078 rows (52s elapsed, 0.5s/symbol avg)
  BALAJITELE: 53 disclosures
[100/926] BALAJITELE: wrote 53 rows (53s elapsed, 0.5s/symbol avg)
  BALKRISIND: 21 disclosures
[101/926] BALKRISIND: wrote 21 rows (53s elapsed, 0.5s/symbol avg)
  BALRAMCHIN: 55 disclosures
[102/926] BALRAMCHIN: wrote 55 rows (54s elapsed, 0.5s/symbol avg)
  BANDHANBNK: 125 disclosures
[103/926] BANDHANBNK: wrote 125 rows (55s elapsed, 0.5s/symbol avg)
  BANKBARODA: 12 disclosures
[104/926] BANKBARODA: wrote 12 rows (55s elapsed, 0.5s/symbol avg)
  BANKBEES: 0 disclosures
[105/926] BANKBEES: wrote 0 rows (56s elapsed, 0.5s/symbol avg)
  BANKINDIA: 4 disclosures
[106/926] BANKINDIA: wrote 4 rows (56s elapsed, 0.5s/symbol avg)
  BANKPUNJAB: 0 disclosures
[107/926] BANKPUNJAB: wrote 0 rows (56s elapsed, 0.5s/symbol avg)
  BANKRAJAS: 0 disclosures
[108/926] BANKRAJAS: wrote 0 rows (57s elapsed, 0.5s/symbol avg)
  BARTRONICS: 1 disclosures
[109/926] BARTRONICS: wrote 1 rows (57s elapsed, 0.5s/symbol avg)
  BATAINDIA: 1 disclosures
[110/926] BATAINDIA: wrote 1 rows (58s elapsed, 0.5s/symbol avg)
  BBTC: 81 disclosures
[111/926] BBTC: wrote 81 rows (59s elapsed, 0.5s/symbol avg)
  BCG: 7 disclosures
[112/926] BCG: wrote 7 rows (59s elapsed, 0.5s/symbol avg)
  BDL: 2 disclosures
[113/926] BDL: wrote 2 rows (60s elapsed, 0.5s/symbol avg)
  BEL: 13 disclosures
[114/926] BEL: wrote 13 rows (60s elapsed, 0.5s/symbol avg)
  BEML: 0 disclosures
[115/926] BEML: wrote 0 rows (61s elapsed, 0.5s/symbol avg)
  BEPL: 72 disclosures
[116/926] BEPL: wrote 72 rows (61s elapsed, 0.5s/symbol avg)
  BERGEPAINT: 299 disclosures
[117/926] BERGEPAINT: wrote 299 rows (62s elapsed, 0.5s/symbol avg)
  BFUTILITIE: 12 disclosures
[118/926] BFUTILITIE: wrote 12 rows (62s elapsed, 0.5s/symbol avg)
  BGRENERGY: 5 disclosures
[119/926] BGRENERGY: wrote 5 rows (63s elapsed, 0.5s/symbol avg)
  BHARATFIN: 1281 disclosures
[120/926] BHARATFIN: wrote 1281 rows (63s elapsed, 0.5s/symbol avg)
  BHARATFORG: 19 disclosures
[121/926] BHARATFORG: wrote 19 rows (64s elapsed, 0.5s/symbol avg)
  BHARTI: 0 disclosures
[122/926] BHARTI: wrote 0 rows (64s elapsed, 0.5s/symbol avg)
  BHARTIARTL: 436 disclosures
[123/926] BHARTIARTL: wrote 436 rows (65s elapsed, 0.5s/symbol avg)
  BHARTISHIP: 0 disclosures
[124/926] BHARTISHIP: wrote 0 rows (65s elapsed, 0.5s/symbol avg)
  BHEL: 2 disclosures
[125/926] BHEL: wrote 2 rows (66s elapsed, 0.5s/symbol avg)
  BHUSANSTL: 0 disclosures
[126/926] BHUSANSTL: wrote 0 rows (66s elapsed, 0.5s/symbol avg)
  BILT: 0 disclosures
[127/926] BILT: wrote 0 rows (67s elapsed, 0.5s/symbol avg)
  BINDALAGRO: 0 disclosures
[128/926] BINDALAGRO: wrote 0 rows (67s elapsed, 0.5s/symbol avg)
  BIOCON: 1498 disclosures
[129/926] BIOCON: wrote 1498 rows (68s elapsed, 0.5s/symbol avg)
  BIRLAJUTE: 0 disclosures
[130/926] BIRLAJUTE: wrote 0 rows (68s elapsed, 0.5s/symbol avg)
  BLISSGVS: 59 disclosures
[131/926] BLISSGVS: wrote 59 rows (69s elapsed, 0.5s/symbol avg)
  BLS: 110 disclosures
[132/926] BLS: wrote 110 rows (69s elapsed, 0.5s/symbol avg)
  BLUESTARCO: 290 disclosures
[133/926] BLUESTARCO: wrote 290 rows (70s elapsed, 0.5s/symbol avg)
  BOC: 0 disclosures
[134/926] BOC: wrote 0 rows (70s elapsed, 0.5s/symbol avg)
  BODALCHEM: 75 disclosures
[135/926] BODALCHEM: wrote 75 rows (71s elapsed, 0.5s/symbol avg)
  BOMDYEING: 89 disclosures
[136/926] BOMDYEING: wrote 89 rows (71s elapsed, 0.5s/symbol avg)
  BONGAIREFN: 0 disclosures
[137/926] BONGAIREFN: wrote 0 rows (72s elapsed, 0.5s/symbol avg)
  BOSCHLTD: 8 disclosures
[138/926] BOSCHLTD: wrote 8 rows (72s elapsed, 0.5s/symbol avg)
  BPCL: 2 disclosures
[139/926] BPCL: wrote 2 rows (73s elapsed, 0.5s/symbol avg)
  BRFL: 124 disclosures
[140/926] BRFL: wrote 124 rows (73s elapsed, 0.5s/symbol avg)
  BRITANNIA: 63 disclosures
[141/926] BRITANNIA: wrote 63 rows (74s elapsed, 0.5s/symbol avg)
  BSE: 0 disclosures
[142/926] BSE: wrote 0 rows (74s elapsed, 0.5s/symbol avg)
  BSELINFRA: 33 disclosures
[143/926] BSELINFRA: wrote 33 rows (75s elapsed, 0.5s/symbol avg)
  BSOFT: 802 disclosures
[144/926] BSOFT: wrote 802 rows (75s elapsed, 0.5s/symbol avg)
  CADILAHC: 0 disclosures
[145/926] CADILAHC: wrote 0 rows (76s elapsed, 0.5s/symbol avg)
  CAIRN: 118 disclosures
[146/926] CAIRN: wrote 118 rows (76s elapsed, 0.5s/symbol avg)
  CAMS: 198 disclosures
[147/926] CAMS: wrote 198 rows (77s elapsed, 0.5s/symbol avg)
  CANBK: 4 disclosures
[148/926] CANBK: wrote 4 rows (77s elapsed, 0.5s/symbol avg)
  CANFINHOME: 1 disclosures
[149/926] CANFINHOME: wrote 1 rows (78s elapsed, 0.5s/symbol avg)
  CAPF: 296 disclosures
[150/926] CAPF: wrote 296 rows (78s elapsed, 0.5s/symbol avg)
  CARERATING: 124 disclosures
[151/926] CARERATING: wrote 124 rows (79s elapsed, 0.5s/symbol avg)
  CARTRADE: 12 disclosures
[152/926] CARTRADE: wrote 12 rows (79s elapsed, 0.5s/symbol avg)
  CASTROL: 0 disclosures
[153/926] CASTROL: wrote 0 rows (80s elapsed, 0.5s/symbol avg)
  CASTROLIND: 4 disclosures
[154/926] CASTROLIND: wrote 4 rows (80s elapsed, 0.5s/symbol avg)
  CCL: 110 disclosures
[155/926] CCL: wrote 110 rows (81s elapsed, 0.5s/symbol avg)
  CDSL: 24 disclosures
[156/926] CDSL: wrote 24 rows (82s elapsed, 0.5s/symbol avg)
  CEAT: 0 disclosures
[157/926] CEAT: wrote 0 rows (82s elapsed, 0.5s/symbol avg)
  CEATLTD: 66 disclosures
[158/926] CEATLTD: wrote 66 rows (83s elapsed, 0.5s/symbol avg)
  CENBNK: 0 disclosures
[159/926] CENBNK: wrote 0 rows (83s elapsed, 0.5s/symbol avg)
  CENTBOP: 0 disclosures
[160/926] CENTBOP: wrote 0 rows (84s elapsed, 0.5s/symbol avg)
  CENTENKA: 18 disclosures
[161/926] CENTENKA: wrote 18 rows (84s elapsed, 0.5s/symbol avg)
  CENTRALBK: 0 disclosures
[162/926] CENTRALBK: wrote 0 rows (85s elapsed, 0.5s/symbol avg)
  CENTURYPLY: 61 disclosures
[163/926] CENTURYPLY: wrote 61 rows (85s elapsed, 0.5s/symbol avg)
  CENTURYTEX: 0 disclosures
[164/926] CENTURYTEX: wrote 0 rows (86s elapsed, 0.5s/symbol avg)
  CESC: 9 disclosures
[165/926] CESC: wrote 9 rows (86s elapsed, 0.5s/symbol avg)
  CGPOWER: 65 disclosures
[166/926] CGPOWER: wrote 65 rows (87s elapsed, 0.5s/symbol avg)
  CHAMBLFERT: 1279 disclosures
[167/926] CHAMBLFERT: wrote 1279 rows (87s elapsed, 0.5s/symbol avg)
  CHENNPETRO: 0 disclosures
[168/926] CHENNPETRO: wrote 0 rows (88s elapsed, 0.5s/symbol avg)
  CHOLAFIN: 425 disclosures
[169/926] CHOLAFIN: wrote 425 rows (88s elapsed, 0.5s/symbol avg)
  CHOLAINV: 0 disclosures
[170/926] CHOLAINV: wrote 0 rows (89s elapsed, 0.5s/symbol avg)
  CIPLA: 393 disclosures
[171/926] CIPLA: wrote 393 rows (89s elapsed, 0.5s/symbol avg)
  CMC: 0 disclosures
[172/926] CMC: wrote 0 rows (90s elapsed, 0.5s/symbol avg)
  COALINDIA: 14 disclosures
[173/926] COALINDIA: wrote 14 rows (90s elapsed, 0.5s/symbol avg)
  COCHINREFN: 0 disclosures
[174/926] COCHINREFN: wrote 0 rows (91s elapsed, 0.5s/symbol avg)
  COCHINSHIP: 3 disclosures
[175/926] COCHINSHIP: wrote 3 rows (91s elapsed, 0.5s/symbol avg)
  COFORGE: 406 disclosures
[176/926] COFORGE: wrote 406 rows (92s elapsed, 0.5s/symbol avg)
  COLGATE: 0 disclosures
[177/926] COLGATE: wrote 0 rows (93s elapsed, 0.5s/symbol avg)
  COLPAL: 0 disclosures
[178/926] COLPAL: wrote 0 rows (93s elapsed, 0.5s/symbol avg)
  CONCOR: 4 disclosures
[179/926] CONCOR: wrote 4 rows (94s elapsed, 0.5s/symbol avg)
  COREEDUTEC: 0 disclosures
[180/926] COREEDUTEC: wrote 0 rows (94s elapsed, 0.5s/symbol avg)
  COREPROTEC: 0 disclosures
[181/926] COREPROTEC: wrote 0 rows (94s elapsed, 0.5s/symbol avg)
  COROMANDEL: 563 disclosures
[182/926] COROMANDEL: wrote 563 rows (95s elapsed, 0.5s/symbol avg)
  CORPBANK: 4 disclosures
[183/926] CORPBANK: wrote 4 rows (96s elapsed, 0.5s/symbol avg)
  COX&KINGS: 33 disclosures
[184/926] COX&KINGS: wrote 33 rows (96s elapsed, 0.5s/symbol avg)
  CPSEETF: 0 disclosures
[185/926] CPSEETF: wrote 0 rows (97s elapsed, 0.5s/symbol avg)
  CREDITACC: 118 disclosures
[186/926] CREDITACC: wrote 118 rows (97s elapsed, 0.5s/symbol avg)
  CREWBOS: 0 disclosures
[187/926] CREWBOS: wrote 0 rows (98s elapsed, 0.5s/symbol avg)
  CRISIL: 1532 disclosures
[188/926] CRISIL: wrote 1532 rows (98s elapsed, 0.5s/symbol avg)
  CROMPGREAV: 0 disclosures
[189/926] CROMPGREAV: wrote 0 rows (99s elapsed, 0.5s/symbol avg)
  CROMPTON: 385 disclosures
[190/926] CROMPTON: wrote 385 rows (99s elapsed, 0.5s/symbol avg)
  CUB: 72 disclosures
[191/926] CUB: wrote 72 rows (100s elapsed, 0.5s/symbol avg)
  CUMMINSIND: 5 disclosures
[192/926] CUMMINSIND: wrote 5 rows (100s elapsed, 0.5s/symbol avg)
  CUPID: 56 disclosures
[193/926] CUPID: wrote 56 rows (101s elapsed, 0.5s/symbol avg)
  CYIENT: 116 disclosures
[194/926] CYIENT: wrote 116 rows (102s elapsed, 0.5s/symbol avg)
  D-LINK: 0 disclosures
[195/926] D-LINK: wrote 0 rows (102s elapsed, 0.5s/symbol avg)
  DABUR: 524 disclosures
[196/926] DABUR: wrote 524 rows (103s elapsed, 0.5s/symbol avg)
  DALBHARAT: 108 disclosures
[197/926] DALBHARAT: wrote 108 rows (103s elapsed, 0.5s/symbol avg)
  DALMIABHA: 123 disclosures
[198/926] DALMIABHA: wrote 123 rows (104s elapsed, 0.5s/symbol avg)
  DALMIACEM: 0 disclosures
[199/926] DALMIACEM: wrote 0 rows (104s elapsed, 0.5s/symbol avg)
  DATAMATICS: 33 disclosures
[200/926] DATAMATICS: wrote 33 rows (105s elapsed, 0.5s/symbol avg)
  DATAPATTNS: 4 disclosures
[201/926] DATAPATTNS: wrote 4 rows (106s elapsed, 0.5s/symbol avg)
  DBL: 12 disclosures
[202/926] DBL: wrote 12 rows (107s elapsed, 0.5s/symbol avg)
  DBREALTY: 223 disclosures
[203/926] DBREALTY: wrote 223 rows (108s elapsed, 0.5s/symbol avg)
  DCB: 0 disclosures
[204/926] DCB: wrote 0 rows (108s elapsed, 0.5s/symbol avg)
  DCBBANK: 153 disclosures
[205/926] DCBBANK: wrote 153 rows (108s elapsed, 0.5s/symbol avg)
  DCHL: 0 disclosures
[206/926] DCHL: wrote 0 rows (109s elapsed, 0.5s/symbol avg)
  DCMSRMCONS: 0 disclosures
[207/926] DCMSRMCONS: wrote 0 rows (109s elapsed, 0.5s/symbol avg)
  DEEPAKFERT: 84 disclosures
[208/926] DEEPAKFERT: wrote 84 rows (110s elapsed, 0.5s/symbol avg)
  DEEPAKNTR: 72 disclosures
[209/926] DEEPAKNTR: wrote 72 rows (110s elapsed, 0.5s/symbol avg)
  DELHIVERY: 0 disclosures
[210/926] DELHIVERY: wrote 0 rows (111s elapsed, 0.5s/symbol avg)
  DELTACORP: 70 disclosures
[211/926] DELTACORP: wrote 70 rows (111s elapsed, 0.5s/symbol avg)
  DEN: 25 disclosures
[212/926] DEN: wrote 25 rows (112s elapsed, 0.5s/symbol avg)
  DENABANK: 1 disclosures
[213/926] DENABANK: wrote 1 rows (112s elapsed, 0.5s/symbol avg)
  DEVYANI: 0 disclosures
[214/926] DEVYANI: wrote 0 rows (113s elapsed, 0.5s/symbol avg)
  DEWANHOUS: 0 disclosures
[215/926] DEWANHOUS: wrote 0 rows (113s elapsed, 0.5s/symbol avg)
  DHAMPURSUG: 45 disclosures
[216/926] DHAMPURSUG: wrote 45 rows (114s elapsed, 0.5s/symbol avg)
  DHANBANK: 78 disclosures
[217/926] DHANBANK: wrote 78 rows (114s elapsed, 0.5s/symbol avg)
  DHFL: 75 disclosures
[218/926] DHFL: wrote 75 rows (115s elapsed, 0.5s/symbol avg)
  DIACABS: 6 disclosures
[219/926] DIACABS: wrote 6 rows (115s elapsed, 0.5s/symbol avg)
  DISHMAN: 14 disclosures
[220/926] DISHMAN: wrote 14 rows (116s elapsed, 0.5s/symbol avg)
  DISHTV: 597 disclosures
[221/926] DISHTV: wrote 597 rows (116s elapsed, 0.5s/symbol avg)
  DIVISLAB: 470 disclosures
[222/926] DIVISLAB: wrote 470 rows (117s elapsed, 0.5s/symbol avg)
  DIXON: 819 disclosures
[223/926] DIXON: wrote 819 rows (118s elapsed, 0.5s/symbol avg)
  DLF: 138 disclosures
[224/926] DLF: wrote 138 rows (118s elapsed, 0.5s/symbol avg)
  DMART: 3180 disclosures
[225/926] DMART: wrote 3180 rows (119s elapsed, 0.5s/symbol avg)
  DOLPHINOFF: 18 disclosures
[226/926] DOLPHINOFF: wrote 18 rows (120s elapsed, 0.5s/symbol avg)
  DRREDDY: 1536 disclosures
[227/926] DRREDDY: wrote 1536 rows (120s elapsed, 0.5s/symbol avg)
  DSKULKARNI: 11 disclosures
[228/926] DSKULKARNI: wrote 11 rows (121s elapsed, 0.5s/symbol avg)
  DWARKESH: 11 disclosures
[229/926] DWARKESH: wrote 11 rows (121s elapsed, 0.5s/symbol avg)
  EASEMYTRIP: 3 disclosures
[230/926] EASEMYTRIP: wrote 3 rows (122s elapsed, 0.5s/symbol avg)
  EASUNREYRL: 2 disclosures
[231/926] EASUNREYRL: wrote 2 rows (122s elapsed, 0.5s/symbol avg)
  EDELWEISS: 619 disclosures
[232/926] EDELWEISS: wrote 619 rows (123s elapsed, 0.5s/symbol avg)
  EDUCOMP: 2 disclosures
[233/926] EDUCOMP: wrote 2 rows (123s elapsed, 0.5s/symbol avg)
  EICHERMOT: 594 disclosures
[234/926] EICHERMOT: wrote 594 rows (124s elapsed, 0.5s/symbol avg)
  EIDPARRY: 188 disclosures
[235/926] EIDPARRY: wrote 188 rows (125s elapsed, 0.5s/symbol avg)
  EKC: 62 disclosures
[236/926] EKC: wrote 62 rows (125s elapsed, 0.5s/symbol avg)
  ELDERPHARM: 0 disclosures
[237/926] ELDERPHARM: wrote 0 rows (126s elapsed, 0.5s/symbol avg)
  ELECTCAST: 108 disclosures
[238/926] ELECTCAST: wrote 108 rows (126s elapsed, 0.5s/symbol avg)
  EMAMILTD: 1760 disclosures
[239/926] EMAMILTD: wrote 1760 rows (127s elapsed, 0.5s/symbol avg)
  ENGINERSIN: 9 disclosures
[240/926] ENGINERSIN: wrote 9 rows (128s elapsed, 0.5s/symbol avg)
  ENRIN: 3 disclosures
[241/926] ENRIN: wrote 3 rows (128s elapsed, 0.5s/symbol avg)
  EQUITAS: 131 disclosures
[242/926] EQUITAS: wrote 131 rows (129s elapsed, 0.5s/symbol avg)
  EQUITASBNK: 22 disclosures
[243/926] EQUITASBNK: wrote 22 rows (129s elapsed, 0.5s/symbol avg)
  ERACONS: 0 disclosures
[244/926] ERACONS: wrote 0 rows (131s elapsed, 0.5s/symbol avg)
  ERAINFRA: 0 disclosures
[245/926] ERAINFRA: wrote 0 rows (131s elapsed, 0.5s/symbol avg)
  EROSMEDIA: 144 disclosures
[246/926] EROSMEDIA: wrote 144 rows (132s elapsed, 0.5s/symbol avg)
  ESABINDIA: 0 disclosures
[247/926] ESABINDIA: wrote 0 rows (132s elapsed, 0.5s/symbol avg)
  ESCORTS: 139 disclosures
[248/926] ESCORTS: wrote 139 rows (133s elapsed, 0.5s/symbol avg)
  ESSARGUJ: 0 disclosures
[249/926] ESSARGUJ: wrote 0 rows (133s elapsed, 0.5s/symbol avg)
  ESSAROIL: 52 disclosures
[250/926] ESSAROIL: wrote 52 rows (134s elapsed, 0.5s/symbol avg)
  ESSDEE: 0 disclosures
[251/926] ESSDEE: wrote 0 rows (134s elapsed, 0.5s/symbol avg)
  ESTL: 0 disclosures
[252/926] ESTL: wrote 0 rows (134s elapsed, 0.5s/symbol avg)
  ETERNAL: 0 disclosures
[253/926] ETERNAL: wrote 0 rows (135s elapsed, 0.5s/symbol avg)
  EVERONN: 1 disclosures
[254/926] EVERONN: wrote 1 rows (136s elapsed, 0.5s/symbol avg)
  EXIDEIND: 3 disclosures
[255/926] EXIDEIND: wrote 3 rows (136s elapsed, 0.5s/symbol avg)
  FACT: 0 disclosures
[256/926] FACT: wrote 0 rows (137s elapsed, 0.5s/symbol avg)
  FCONSUMER: 632 disclosures
[257/926] FCONSUMER: wrote 632 rows (137s elapsed, 0.5s/symbol avg)
  FDC: 51 disclosures
[258/926] FDC: wrote 51 rows (138s elapsed, 0.5s/symbol avg)
  FEDERALBNK: 208 disclosures
[259/926] FEDERALBNK: wrote 208 rows (138s elapsed, 0.5s/symbol avg)
  FINANTECH: 0 disclosures
[260/926] FINANTECH: wrote 0 rows (139s elapsed, 0.5s/symbol avg)
  FINCABLES: 2 disclosures
[261/926] FINCABLES: wrote 2 rows (139s elapsed, 0.5s/symbol avg)
  FINEORG: 17 disclosures
[262/926] FINEORG: wrote 17 rows (140s elapsed, 0.5s/symbol avg)
  FINPIPE: 4 disclosures
[263/926] FINPIPE: wrote 4 rows (140s elapsed, 0.5s/symbol avg)
  FLEX: 0 disclosures
[264/926] FLEX: wrote 0 rows (141s elapsed, 0.5s/symbol avg)
  FLUOROCHEM: 111 disclosures
[265/926] FLUOROCHEM: wrote 111 rows (141s elapsed, 0.5s/symbol avg)
  FORCEMOT: 0 disclosures
[266/926] FORCEMOT: wrote 0 rows (142s elapsed, 0.5s/symbol avg)
  FORTIS: 208 disclosures
[267/926] FORTIS: wrote 208 rows (142s elapsed, 0.5s/symbol avg)
  FOURSOFT: 0 disclosures
[268/926] FOURSOFT: wrote 0 rows (143s elapsed, 0.5s/symbol avg)
  FRETAIL: 465 disclosures
[269/926] FRETAIL: wrote 465 rows (143s elapsed, 0.5s/symbol avg)
  FRL: 0 disclosures
[270/926] FRL: wrote 0 rows (144s elapsed, 0.5s/symbol avg)
  FSL: 756 disclosures
[271/926] FSL: wrote 756 rows (144s elapsed, 0.5s/symbol avg)
  GAIL: 5 disclosures
[272/926] GAIL: wrote 5 rows (145s elapsed, 0.5s/symbol avg)
  GAMMONIND: 10 disclosures
[273/926] GAMMONIND: wrote 10 rows (145s elapsed, 0.5s/symbol avg)
  GATI: 0 disclosures
[274/926] GATI: wrote 0 rows (146s elapsed, 0.5s/symbol avg)
  GDL: 55 disclosures
[275/926] GDL: wrote 55 rows (146s elapsed, 0.5s/symbol avg)
  GEOINFO: 0 disclosures
[276/926] GEOINFO: wrote 0 rows (147s elapsed, 0.5s/symbol avg)
  GEOJIT: 0 disclosures
[277/926] GEOJIT: wrote 0 rows (147s elapsed, 0.5s/symbol avg)
  GEOMETRIC: 117 disclosures
[278/926] GEOMETRIC: wrote 117 rows (148s elapsed, 0.5s/symbol avg)
  GEORGWILIM: 0 disclosures
[279/926] GEORGWILIM: wrote 0 rows (148s elapsed, 0.5s/symbol avg)
  GESCOCORP: 0 disclosures
[280/926] GESCOCORP: wrote 0 rows (149s elapsed, 0.5s/symbol avg)
  GESHIP: 87 disclosures
[281/926] GESHIP: wrote 87 rows (149s elapsed, 0.5s/symbol avg)
  GESHIPPING: 0 disclosures
[282/926] GESHIPPING: wrote 0 rows (150s elapsed, 0.5s/symbol avg)
  GHCL: 178 disclosures
[283/926] GHCL: wrote 178 rows (150s elapsed, 0.5s/symbol avg)
  GIPCL: 1 disclosures
[284/926] GIPCL: wrote 1 rows (151s elapsed, 0.5s/symbol avg)
  GITANJALI: 18 disclosures
[285/926] GITANJALI: wrote 18 rows (151s elapsed, 0.5s/symbol avg)
  GLAND: 467 disclosures
[286/926] GLAND: wrote 467 rows (152s elapsed, 0.5s/symbol avg)
  GLAXO: 2 disclosures
[287/926] GLAXO: wrote 2 rows (152s elapsed, 0.5s/symbol avg)
  GLENMARK: 148 disclosures
[288/926] GLENMARK: wrote 148 rows (153s elapsed, 0.5s/symbol avg)
  GLODYNE: 0 disclosures
[289/926] GLODYNE: wrote 0 rows (153s elapsed, 0.5s/symbol avg)
  GMDCLTD: 0 disclosures
[290/926] GMDCLTD: wrote 0 rows (154s elapsed, 0.5s/symbol avg)
  GMMPFAUDLR: 14 disclosures
[291/926] GMMPFAUDLR: wrote 14 rows (154s elapsed, 0.5s/symbol avg)
  GMRAIRPORT: 81 disclosures
[292/926] GMRAIRPORT: wrote 81 rows (155s elapsed, 0.5s/symbol avg)
  GMRINFRA: 0 disclosures
[293/926] GMRINFRA: wrote 0 rows (155s elapsed, 0.5s/symbol avg)
  GNFC: 0 disclosures
[294/926] GNFC: wrote 0 rows (156s elapsed, 0.5s/symbol avg)
  GOACARBON: 6 disclosures
[295/926] GOACARBON: wrote 6 rows (156s elapsed, 0.5s/symbol avg)
  GODFRYPHLP: 50 disclosures
[296/926] GODFRYPHLP: wrote 50 rows (157s elapsed, 0.5s/symbol avg)
  GODREJCP: 101 disclosures
[297/926] GODREJCP: wrote 101 rows (157s elapsed, 0.5s/symbol avg)
  GODREJIND: 502 disclosures
[298/926] GODREJIND: wrote 502 rows (158s elapsed, 0.5s/symbol avg)
  GODREJPROP: 160 disclosures
[299/926] GODREJPROP: wrote 160 rows (158s elapsed, 0.5s/symbol avg)
  GOETZEIND: 0 disclosures
[300/926] GOETZEIND: wrote 0 rows (159s elapsed, 0.5s/symbol avg)
  GOLDBEES: 0 disclosures
[301/926] GOLDBEES: wrote 0 rows (159s elapsed, 0.5s/symbol avg)
  GOLDIETF: 0 disclosures
[302/926] GOLDIETF: wrote 0 rows (159s elapsed, 0.5s/symbol avg)
  GPPL: 1 disclosures
[303/926] GPPL: wrote 1 rows (160s elapsed, 0.5s/symbol avg)
  GRANULES: 129 disclosures
[304/926] GRANULES: wrote 129 rows (160s elapsed, 0.5s/symbol avg)
  GRAPHITE: 18 disclosures
[305/926] GRAPHITE: wrote 18 rows (161s elapsed, 0.5s/symbol avg)
  GRASIM: 481 disclosures
[306/926] GRASIM: wrote 481 rows (161s elapsed, 0.5s/symbol avg)
  GRAVITA: 177 disclosures
[307/926] GRAVITA: wrote 177 rows (162s elapsed, 0.5s/symbol avg)
  GREAVESCOT: 153 disclosures
[308/926] GREAVESCOT: wrote 153 rows (162s elapsed, 0.5s/symbol avg)
  GRSE: 0 disclosures
[309/926] GRSE: wrote 0 rows (163s elapsed, 0.5s/symbol avg)
  GRUH: 352 disclosures
[310/926] GRUH: wrote 352 rows (163s elapsed, 0.5s/symbol avg)
  GSFC: 0 disclosures
[311/926] GSFC: wrote 0 rows (164s elapsed, 0.5s/symbol avg)
  GSKCONS: 0 disclosures
[312/926] GSKCONS: wrote 0 rows (164s elapsed, 0.5s/symbol avg)
  GSPL: 27 disclosures
[313/926] GSPL: wrote 27 rows (165s elapsed, 0.5s/symbol avg)
  GTCIND: 0 disclosures
[314/926] GTCIND: wrote 0 rows (165s elapsed, 0.5s/symbol avg)
  GTL: 12 disclosures
[315/926] GTL: wrote 12 rows (166s elapsed, 0.5s/symbol avg)
  GTLINFRA: 10 disclosures
[316/926] GTLINFRA: wrote 10 rows (166s elapsed, 0.5s/symbol avg)
  GTOFFSHORE: 3 disclosures
[317/926] GTOFFSHORE: wrote 3 rows (166s elapsed, 0.5s/symbol avg)
  GUJALKALI: 4 disclosures
[318/926] GUJALKALI: wrote 4 rows (167s elapsed, 0.5s/symbol avg)
  GUJAMBCEM: 0 disclosures
[319/926] GUJAMBCEM: wrote 0 rows (167s elapsed, 0.5s/symbol avg)
  GUJFLUORO: 0 disclosures
[320/926] GUJFLUORO: wrote 0 rows (168s elapsed, 0.5s/symbol avg)
  GUJGASLTD: 0 disclosures
[321/926] GUJGASLTD: wrote 0 rows (168s elapsed, 0.5s/symbol avg)
  GUJNRECOKE: 59 disclosures
[322/926] GUJNRECOKE: wrote 59 rows (169s elapsed, 0.5s/symbol avg)
  GUJRATGAS: 0 disclosures
[323/926] GUJRATGAS: wrote 0 rows (169s elapsed, 0.5s/symbol avg)
  GUJSIDHCEM: 0 disclosures
[324/926] GUJSIDHCEM: wrote 0 rows (170s elapsed, 0.5s/symbol avg)
  GVKPIL: 44 disclosures
[325/926] GVKPIL: wrote 44 rows (170s elapsed, 0.5s/symbol avg)
  GVT&D: 3 disclosures
[326/926] GVT&D: wrote 3 rows (171s elapsed, 0.5s/symbol avg)
  GWALCHEM: 0 disclosures
[327/926] GWALCHEM: wrote 0 rows (171s elapsed, 0.5s/symbol avg)
  HAL: 6 disclosures
[328/926] HAL: wrote 6 rows (172s elapsed, 0.5s/symbol avg)
  HANUNG: 13 disclosures
[329/926] HANUNG: wrote 13 rows (172s elapsed, 0.5s/symbol avg)
  HAPPSTMNDS: 59 disclosures
[330/926] HAPPSTMNDS: wrote 59 rows (173s elapsed, 0.5s/symbol avg)
  HARRMALAYA: 58 disclosures
[331/926] HARRMALAYA: wrote 58 rows (173s elapsed, 0.5s/symbol avg)
  HAVELLS: 60 disclosures
[332/926] HAVELLS: wrote 60 rows (174s elapsed, 0.5s/symbol avg)
  HBLENGINE: 5 disclosures
[333/926] HBLENGINE: wrote 5 rows (174s elapsed, 0.5s/symbol avg)
  HBLPOWER: 0 disclosures
[334/926] HBLPOWER: wrote 0 rows (174s elapsed, 0.5s/symbol avg)
  HCC: 17 disclosures
[335/926] HCC: wrote 17 rows (175s elapsed, 0.5s/symbol avg)
  HCL-INSYS: 5 disclosures
[336/926] HCL-INSYS: wrote 5 rows (175s elapsed, 0.5s/symbol avg)
  HCLTECH: 1406 disclosures
[337/926] HCLTECH: wrote 1406 rows (176s elapsed, 0.5s/symbol avg)
  HDFC: 35783 disclosures
[338/926] HDFC: wrote 35783 rows (180s elapsed, 0.5s/symbol avg)
  HDFCAMC: 1632 disclosures
[339/926] HDFCAMC: wrote 1632 rows (181s elapsed, 0.5s/symbol avg)
  HDFCBANK: 36097 disclosures
[340/926] HDFCBANK: wrote 36097 rows (184s elapsed, 0.5s/symbol avg)
  HDFCGOLD: 0 disclosures
[341/926] HDFCGOLD: wrote 0 rows (185s elapsed, 0.5s/symbol avg)
  HDFCLIFE: 2022 disclosures
[342/926] HDFCLIFE: wrote 2022 rows (185s elapsed, 0.5s/symbol avg)
  HDFCSILVER: 0 disclosures
[343/926] HDFCSILVER: wrote 0 rows (186s elapsed, 0.5s/symbol avg)
  HDIL: 8 disclosures
[344/926] HDIL: wrote 8 rows (186s elapsed, 0.5s/symbol avg)
  HEG: 146 disclosures
[345/926] HEG: wrote 146 rows (187s elapsed, 0.5s/symbol avg)
  HEROHONDA: 0 disclosures
[346/926] HEROHONDA: wrote 0 rows (187s elapsed, 0.5s/symbol avg)
  HEROMOTOCO: 87 disclosures
[347/926] HEROMOTOCO: wrote 87 rows (188s elapsed, 0.5s/symbol avg)
  HEXAWARE: 127 disclosures
[348/926] HEXAWARE: wrote 127 rows (188s elapsed, 0.5s/symbol avg)
  HFCL: 132 disclosures
[349/926] HFCL: wrote 132 rows (189s elapsed, 0.5s/symbol avg)
  HIMACHLFUT: 0 disclosures
[350/926] HIMACHLFUT: wrote 0 rows (189s elapsed, 0.5s/symbol avg)
  HIMATSEIDE: 32 disclosures
[351/926] HIMATSEIDE: wrote 32 rows (190s elapsed, 0.5s/symbol avg)
  HINDALC0: 0 disclosures
[352/926] HINDALC0: wrote 0 rows (190s elapsed, 0.5s/symbol avg)
  HINDALCO: 171 disclosures
[353/926] HINDALCO: wrote 171 rows (191s elapsed, 0.5s/symbol avg)
  HINDCONS: 0 disclosures
[354/926] HINDCONS: wrote 0 rows (191s elapsed, 0.5s/symbol avg)
  HINDCOPPER: 7 disclosures
[355/926] HINDCOPPER: wrote 7 rows (192s elapsed, 0.5s/symbol avg)
  HINDLEVER: 0 disclosures
[356/926] HINDLEVER: wrote 0 rows (192s elapsed, 0.5s/symbol avg)
  HINDMOTOR: 0 disclosures
[357/926] HINDMOTOR: wrote 0 rows (193s elapsed, 0.5s/symbol avg)
  HINDOILEXP: 35 disclosures
[358/926] HINDOILEXP: wrote 35 rows (193s elapsed, 0.5s/symbol avg)
  HINDPETRO: 0 disclosures
[359/926] HINDPETRO: wrote 0 rows (194s elapsed, 0.5s/symbol avg)
  HINDUNILVR: 699 disclosures
[360/926] HINDUNILVR: wrote 699 rows (194s elapsed, 0.5s/symbol avg)
  HINDZINC: 1 disclosures
[361/926] HINDZINC: wrote 1 rows (195s elapsed, 0.5s/symbol avg)
  HITACHIHOM: 0 disclosures
[362/926] HITACHIHOM: wrote 0 rows (195s elapsed, 0.5s/symbol avg)
  HMT: 0 disclosures
[363/926] HMT: wrote 0 rows (196s elapsed, 0.5s/symbol avg)
  HONAUT: 2 disclosures
[364/926] HONAUT: wrote 2 rows (196s elapsed, 0.5s/symbol avg)
  HOTELEELA: 21 disclosures
[365/926] HOTELEELA: wrote 21 rows (197s elapsed, 0.5s/symbol avg)
  HSCL: 20 disclosures
[366/926] HSCL: wrote 20 rows (197s elapsed, 0.5s/symbol avg)
  HTMT: 0 disclosures
[367/926] HTMT: wrote 0 rows (198s elapsed, 0.5s/symbol avg)
  HUDCO: 2 disclosures
[368/926] HUDCO: wrote 2 rows (198s elapsed, 0.5s/symbol avg)
  HYUNDAI: 0 disclosures
[369/926] HYUNDAI: wrote 0 rows (198s elapsed, 0.5s/symbol avg)
  I-FLEX: 0 disclosures
[370/926] I-FLEX: wrote 0 rows (199s elapsed, 0.5s/symbol avg)
  IBP: 0 disclosures
[371/926] IBP: wrote 0 rows (199s elapsed, 0.5s/symbol avg)
  IBPOW: 0 disclosures
[372/926] IBPOW: wrote 0 rows (200s elapsed, 0.5s/symbol avg)
  IBREALEST: 0 disclosures
[373/926] IBREALEST: wrote 0 rows (200s elapsed, 0.5s/symbol avg)
  IBSEC: 0 disclosures
[374/926] IBSEC: wrote 0 rows (201s elapsed, 0.5s/symbol avg)
  IBULHSGFIN: 0 disclosures
[375/926] IBULHSGFIN: wrote 0 rows (201s elapsed, 0.5s/symbol avg)
  IBVENTURES: 0 disclosures
[376/926] IBVENTURES: wrote 0 rows (201s elapsed, 0.5s/symbol avg)
  ICICIBANK: 7125 disclosures
[377/926] ICICIBANK: wrote 7125 rows (203s elapsed, 0.5s/symbol avg)
  ICICIGI: 500 disclosures
[378/926] ICICIGI: wrote 500 rows (203s elapsed, 0.5s/symbol avg)
  ICICIPRULI: 575 disclosures
[379/926] ICICIPRULI: wrote 575 rows (204s elapsed, 0.5s/symbol avg)
  ICIL: 8 disclosures
[380/926] ICIL: wrote 8 rows (204s elapsed, 0.5s/symbol avg)
  ICSA: 2 disclosures
[381/926] ICSA: wrote 2 rows (205s elapsed, 0.5s/symbol avg)
  IDBI: 9 disclosures
[382/926] IDBI: wrote 9 rows (206s elapsed, 0.5s/symbol avg)
  IDBIBANK: 0 disclosures
[383/926] IDBIBANK: wrote 0 rows (206s elapsed, 0.5s/symbol avg)
  IDEA: 151 disclosures
[384/926] IDEA: wrote 151 rows (206s elapsed, 0.5s/symbol avg)
  IDFC: 37 disclosures
[385/926] IDFC: wrote 37 rows (207s elapsed, 0.5s/symbol avg)
  IDFCBANK: 0 disclosures
[386/926] IDFCBANK: wrote 0 rows (207s elapsed, 0.5s/symbol avg)
  IDFCFIRSTB: 477 disclosures
[387/926] IDFCFIRSTB: wrote 477 rows (208s elapsed, 0.5s/symbol avg)
  IEX: 349 disclosures
[388/926] IEX: wrote 349 rows (209s elapsed, 0.5s/symbol avg)
  IFCI: 6 disclosures
[389/926] IFCI: wrote 6 rows (209s elapsed, 0.5s/symbol avg)
  IGL: 0 disclosures
[390/926] IGL: wrote 0 rows (210s elapsed, 0.5s/symbol avg)
  INDHOTEL: 15 disclosures
[391/926] INDHOTEL: wrote 15 rows (210s elapsed, 0.5s/symbol avg)
  INDIABULLS: 0 disclosures
[392/926] INDIABULLS: wrote 0 rows (210s elapsed, 0.5s/symbol avg)
  INDIACEM: 131 disclosures
[393/926] INDIACEM: wrote 131 rows (211s elapsed, 0.5s/symbol avg)
  INDIAINFO: 0 disclosures
[394/926] INDIAINFO: wrote 0 rows (211s elapsed, 0.5s/symbol avg)
  INDIAMART: 525 disclosures
[395/926] INDIAMART: wrote 525 rows (212s elapsed, 0.5s/symbol avg)
  INDIANB: 21 disclosures
[396/926] INDIANB: wrote 21 rows (212s elapsed, 0.5s/symbol avg)
  INDIGO: 425 disclosures
[397/926] INDIGO: wrote 425 rows (213s elapsed, 0.5s/symbol avg)
  INDORAMA: 42 disclosures
[398/926] INDORAMA: wrote 42 rows (213s elapsed, 0.5s/symbol avg)
  INDRAMEDCO: 0 disclosures
[399/926] INDRAMEDCO: wrote 0 rows (214s elapsed, 0.5s/symbol avg)
  INDRAYON: 0 disclosures
[400/926] INDRAYON: wrote 0 rows (214s elapsed, 0.5s/symbol avg)
  INDSWFTLAB: 77 disclosures
[401/926] INDSWFTLAB: wrote 77 rows (215s elapsed, 0.5s/symbol avg)
  INDUSINDBK: 5163 disclosures
[402/926] INDUSINDBK: wrote 5163 rows (216s elapsed, 0.5s/symbol avg)
  INDUSTOWER: 120 disclosures
[403/926] INDUSTOWER: wrote 120 rows (217s elapsed, 0.5s/symbol avg)
  INFIBEAM: 0 disclosures
[404/926] INFIBEAM: wrote 0 rows (217s elapsed, 0.5s/symbol avg)
  INFOSYSTCH: 0 disclosures
[405/926] INFOSYSTCH: wrote 0 rows (217s elapsed, 0.5s/symbol avg)
  INFOTECENT: 0 disclosures
[406/926] INFOTECENT: wrote 0 rows (218s elapsed, 0.5s/symbol avg)
  INFRATEL: 0 disclosures
[407/926] INFRATEL: wrote 0 rows (218s elapsed, 0.5s/symbol avg)
  INFY: 3316 disclosures
[408/926] INFY: wrote 3316 rows (219s elapsed, 0.5s/symbol avg)
  INGVYSYABK: 0 disclosures
[409/926] INGVYSYABK: wrote 0 rows (220s elapsed, 0.5s/symbol avg)
  INOXLEISUR: 44 disclosures
[410/926] INOXLEISUR: wrote 44 rows (220s elapsed, 0.5s/symbol avg)
  INOXWIND: 95 disclosures
[411/926] INOXWIND: wrote 95 rows (221s elapsed, 0.5s/symbol avg)
  INTELLECT: 495 disclosures
[412/926] INTELLECT: wrote 495 rows (221s elapsed, 0.5s/symbol avg)
  IOB: 7 disclosures
[413/926] IOB: wrote 7 rows (222s elapsed, 0.5s/symbol avg)
  IOC: 9 disclosures
[414/926] IOC: wrote 9 rows (222s elapsed, 0.5s/symbol avg)
  IOL: 0 disclosures
[415/926] IOL: wrote 0 rows (223s elapsed, 0.5s/symbol avg)
  IOLCP: 15 disclosures
[416/926] IOLCP: wrote 15 rows (223s elapsed, 0.5s/symbol avg)
  IPCALAB: 57 disclosures
[417/926] IPCALAB: wrote 57 rows (224s elapsed, 0.5s/symbol avg)
  IPCL: 0 disclosures
[418/926] IPCL: wrote 0 rows (224s elapsed, 0.5s/symbol avg)
  IRB: 76 disclosures
[419/926] IRB: wrote 76 rows (225s elapsed, 0.5s/symbol avg)
  IRCON: 5 disclosures
[420/926] IRCON: wrote 5 rows (225s elapsed, 0.5s/symbol avg)
  IRCTC: 5 disclosures
[421/926] IRCTC: wrote 5 rows (226s elapsed, 0.5s/symbol avg)
  IREDA: 1 disclosures
[422/926] IREDA: wrote 1 rows (226s elapsed, 0.5s/symbol avg)
  IRFC: 1 disclosures
[423/926] IRFC: wrote 1 rows (227s elapsed, 0.5s/symbol avg)
  ISEC: 58 disclosures
[424/926] ISEC: wrote 58 rows (227s elapsed, 0.5s/symbol avg)
  ISPATIND: 0 disclosures
[425/926] ISPATIND: wrote 0 rows (228s elapsed, 0.5s/symbol avg)
  ITC: 15226 disclosures
[426/926] ITC: wrote 15226 rows (230s elapsed, 0.5s/symbol avg)
  ITI: 6 disclosures
[427/926] ITI: wrote 6 rows (230s elapsed, 0.5s/symbol avg)
  IVRCLINFRA: 0 disclosures
[428/926] IVRCLINFRA: wrote 0 rows (231s elapsed, 0.5s/symbol avg)
  J&KBANK: 6 disclosures
[429/926] J&KBANK: wrote 6 rows (231s elapsed, 0.5s/symbol avg)
  JAICORPLTD: 41 disclosures
[430/926] JAICORPLTD: wrote 41 rows (232s elapsed, 0.5s/symbol avg)
  JAMNAAUTO: 120 disclosures
[431/926] JAMNAAUTO: wrote 120 rows (232s elapsed, 0.5s/symbol avg)
  JAYNECOIND: 179 disclosures
[432/926] JAYNECOIND: wrote 179 rows (233s elapsed, 0.5s/symbol avg)
  JAYSREETEA: 51 disclosures
[433/926] JAYSREETEA: wrote 51 rows (233s elapsed, 0.5s/symbol avg)
  JBCHEPHARM: 1126 disclosures
[434/926] JBCHEPHARM: wrote 1126 rows (234s elapsed, 0.5s/symbol avg)
  JBFIND: 11 disclosures
[435/926] JBFIND: wrote 11 rows (235s elapsed, 0.5s/symbol avg)
  JETAIRWAYS: 2 disclosures
[436/926] JETAIRWAYS: wrote 2 rows (235s elapsed, 0.5s/symbol avg)
  JINDALIRON: 0 disclosures
[437/926] JINDALIRON: wrote 0 rows (236s elapsed, 0.5s/symbol avg)
  JINDALPOLY: 10 disclosures
[438/926] JINDALPOLY: wrote 10 rows (236s elapsed, 0.5s/symbol avg)
  JINDALSAW: 175 disclosures
[439/926] JINDALSAW: wrote 175 rows (237s elapsed, 0.5s/symbol avg)
  JINDALSTEL: 725 disclosures
[440/926] JINDALSTEL: wrote 725 rows (237s elapsed, 0.5s/symbol avg)
  JINDALSWHL: 0 disclosures
[441/926] JINDALSWHL: wrote 0 rows (238s elapsed, 0.5s/symbol avg)
  JINDVIJSTL: 0 disclosures
[442/926] JINDVIJSTL: wrote 0 rows (238s elapsed, 0.5s/symbol avg)
  JIOFIN: 10 disclosures
[443/926] JIOFIN: wrote 10 rows (239s elapsed, 0.5s/symbol avg)
  JISLJALEQS: 12 disclosures
[444/926] JISLJALEQS: wrote 12 rows (239s elapsed, 0.5s/symbol avg)
  JKCEMENT: 88 disclosures
[445/926] JKCEMENT: wrote 88 rows (240s elapsed, 0.5s/symbol avg)
  JKLAKSHMI: 52 disclosures
[446/926] JKLAKSHMI: wrote 52 rows (241s elapsed, 0.5s/symbol avg)
  JKPAPER: 60 disclosures
[447/926] JKPAPER: wrote 60 rows (241s elapsed, 0.5s/symbol avg)
  JKTYRE: 33 disclosures
[448/926] JKTYRE: wrote 33 rows (242s elapsed, 0.5s/symbol avg)
  JMFINANCIL: 650 disclosures
[449/926] JMFINANCIL: wrote 650 rows (243s elapsed, 0.5s/symbol avg)
  JPASSOCIAT: 139 disclosures
[450/926] JPASSOCIAT: wrote 139 rows (243s elapsed, 0.5s/symbol avg)
  JPHYDRO: 0 disclosures
[451/926] JPHYDRO: wrote 0 rows (244s elapsed, 0.5s/symbol avg)
  JPINFRATEC: 3 disclosures
[452/926] JPINFRATEC: wrote 3 rows (244s elapsed, 0.5s/symbol avg)
  JPPOWER: 9 disclosures
[453/926] JPPOWER: wrote 9 rows (245s elapsed, 0.5s/symbol avg)
  JSL: 241 disclosures
[454/926] JSL: wrote 241 rows (245s elapsed, 0.5s/symbol avg)
  JSTAINLESS: 0 disclosures
[455/926] JSTAINLESS: wrote 0 rows (246s elapsed, 0.5s/symbol avg)
  JSWENERGY: 1053 disclosures
[456/926] JSWENERGY: wrote 1053 rows (246s elapsed, 0.5s/symbol avg)
  JSWISPAT: 0 disclosures
[457/926] JSWISPAT: wrote 0 rows (247s elapsed, 0.5s/symbol avg)
  JSWSTEEL: 2923 disclosures
[458/926] JSWSTEEL: wrote 2923 rows (247s elapsed, 0.5s/symbol avg)
  JUBILANT: 0 disclosures
[459/926] JUBILANT: wrote 0 rows (248s elapsed, 0.5s/symbol avg)
  JUBLFOOD: 570 disclosures
[460/926] JUBLFOOD: wrote 570 rows (249s elapsed, 0.5s/symbol avg)
  JUPITER: 0 disclosures
[461/926] JUPITER: wrote 0 rows (249s elapsed, 0.5s/symbol avg)
  JUSTDIAL: 394 disclosures
[462/926] JUSTDIAL: wrote 394 rows (250s elapsed, 0.5s/symbol avg)
  JWL: 14 disclosures
[463/926] JWL: wrote 14 rows (250s elapsed, 0.5s/symbol avg)
  JYOTISTRUC: 67 disclosures
[464/926] JYOTISTRUC: wrote 67 rows (251s elapsed, 0.5s/symbol avg)
  KAJARIACER: 112 disclosures
[465/926] KAJARIACER: wrote 112 rows (251s elapsed, 0.5s/symbol avg)
  KALINDEE: 1 disclosures
[466/926] KALINDEE: wrote 1 rows (252s elapsed, 0.5s/symbol avg)
  KALPATPOWR: 0 disclosures
[467/926] KALPATPOWR: wrote 0 rows (252s elapsed, 0.5s/symbol avg)
  KALYANKJIL: 50 disclosures
[468/926] KALYANKJIL: wrote 50 rows (253s elapsed, 0.5s/symbol avg)
  KARURVYSYA: 338 disclosures
[469/926] KARURVYSYA: wrote 338 rows (253s elapsed, 0.5s/symbol avg)
  KAYNES: 0 disclosures
[470/926] KAYNES: wrote 0 rows (254s elapsed, 0.5s/symbol avg)
  KCPSUGIND: 44 disclosures
[471/926] KCPSUGIND: wrote 44 rows (254s elapsed, 0.5s/symbol avg)
  KEC: 112 disclosures
[472/926] KEC: wrote 112 rows (255s elapsed, 0.5s/symbol avg)
  KECINTL: 0 disclosures
[473/926] KECINTL: wrote 0 rows (255s elapsed, 0.5s/symbol avg)
  KEI: 224 disclosures
[474/926] KEI: wrote 224 rows (256s elapsed, 0.5s/symbol avg)
  KESORAMIND: 42 disclosures
[475/926] KESORAMIND: wrote 42 rows (256s elapsed, 0.5s/symbol avg)
  KFA: 0 disclosures
[476/926] KFA: wrote 0 rows (257s elapsed, 0.5s/symbol avg)
  KFINTECH: 3 disclosures
[477/926] KFINTECH: wrote 3 rows (257s elapsed, 0.5s/symbol avg)
  KGL: 2 disclosures
[478/926] KGL: wrote 2 rows (258s elapsed, 0.5s/symbol avg)
  KIRIINDUS: 28 disclosures
[479/926] KIRIINDUS: wrote 28 rows (258s elapsed, 0.5s/symbol avg)
  KIRLOSKCUM: 0 disclosures
[480/926] KIRLOSKCUM: wrote 0 rows (258s elapsed, 0.5s/symbol avg)
  KITEX: 44 disclosures
[481/926] KITEX: wrote 44 rows (259s elapsed, 0.5s/symbol avg)
  KLGSYSTEL: 0 disclosures
[482/926] KLGSYSTEL: wrote 0 rows (259s elapsed, 0.5s/symbol avg)
  KOPRAN: 10 disclosures
[483/926] KOPRAN: wrote 10 rows (260s elapsed, 0.5s/symbol avg)
  KOTAKBANK: 6644 disclosures
[484/926] KOTAKBANK: wrote 6644 rows (261s elapsed, 0.5s/symbol avg)
  KOTAKGOLD: 0 disclosures
[485/926] KOTAKGOLD: wrote 0 rows (261s elapsed, 0.5s/symbol avg)
  KPIT: 0 disclosures
[486/926] KPIT: wrote 0 rows (262s elapsed, 0.5s/symbol avg)
  KPITTECH: 627 disclosures
[487/926] KPITTECH: wrote 627 rows (262s elapsed, 0.5s/symbol avg)
  KRBL: 129 disclosures
[488/926] KRBL: wrote 129 rows (263s elapsed, 0.5s/symbol avg)
  KSCL: 131 disclosures
[489/926] KSCL: wrote 131 rows (263s elapsed, 0.5s/symbol avg)
  KSOILS: 0 disclosures
[490/926] KSOILS: wrote 0 rows (264s elapsed, 0.5s/symbol avg)
  KTKBANK: 0 disclosures
[491/926] KTKBANK: wrote 0 rows (264s elapsed, 0.5s/symbol avg)
  KWALITY: 373 disclosures
[492/926] KWALITY: wrote 373 rows (265s elapsed, 0.5s/symbol avg)
  L&TFH: 0 disclosures
[493/926] L&TFH: wrote 0 rows (265s elapsed, 0.5s/symbol avg)
  LAKSHVILAS: 71 disclosures
[494/926] LAKSHVILAS: wrote 71 rows (266s elapsed, 0.5s/symbol avg)
  LALPATHLAB: 1238 disclosures
[495/926] LALPATHLAB: wrote 1238 rows (266s elapsed, 0.5s/symbol avg)
  LAURUSLABS: 568 disclosures
[496/926] LAURUSLABS: wrote 568 rows (267s elapsed, 0.5s/symbol avg)
  LEMONTREE: 194 disclosures
[497/926] LEMONTREE: wrote 194 rows (267s elapsed, 0.5s/symbol avg)
  LICHSGFIN: 0 disclosures
[498/926] LICHSGFIN: wrote 0 rows (268s elapsed, 0.5s/symbol avg)
  LICI: 0 disclosures
[499/926] LICI: wrote 0 rows (268s elapsed, 0.5s/symbol avg)
  LINDEINDIA: 2 disclosures
[500/926] LINDEINDIA: wrote 2 rows (269s elapsed, 0.5s/symbol avg)
  LIQUIDBEES: 0 disclosures
[501/926] LIQUIDBEES: wrote 0 rows (269s elapsed, 0.5s/symbol avg)
  LIQUIDCASE: 0 disclosures
[502/926] LIQUIDCASE: wrote 0 rows (269s elapsed, 0.5s/symbol avg)
  LITL: 10 disclosures
[503/926] LITL: wrote 10 rows (270s elapsed, 0.5s/symbol avg)
  LLOYDSTEEL: 0 disclosures
[504/926] LLOYDSTEEL: wrote 0 rows (270s elapsed, 0.5s/symbol avg)
  LML: 0 disclosures
[505/926] LML: wrote 0 rows (271s elapsed, 0.5s/symbol avg)
  LODHA: 8 disclosures
[506/926] LODHA: wrote 8 rows (271s elapsed, 0.5s/symbol avg)
  LOVABLE: 31 disclosures
[507/926] LOVABLE: wrote 31 rows (272s elapsed, 0.5s/symbol avg)
  LT: 1740 disclosures
[508/926] LT: wrote 1740 rows (272s elapsed, 0.5s/symbol avg)
  LTF: 592 disclosures
[509/926] LTF: wrote 592 rows (273s elapsed, 0.5s/symbol avg)
  LTI: 0 disclosures
[510/926] LTI: wrote 0 rows (274s elapsed, 0.5s/symbol avg)
  LTIM: 0 disclosures
[511/926] LTIM: wrote 0 rows (274s elapsed, 0.5s/symbol avg)
  LTTS: 997 disclosures
[512/926] LTTS: wrote 997 rows (275s elapsed, 0.5s/symbol avg)
  LUPIN: 434 disclosures
[513/926] LUPIN: wrote 434 rows (275s elapsed, 0.5s/symbol avg)
  M&M: 3821 disclosures
[514/926] M&M: wrote 3821 rows (276s elapsed, 0.5s/symbol avg)
  M&MFIN: 698 disclosures
[515/926] M&MFIN: wrote 698 rows (277s elapsed, 0.5s/symbol avg)
  MADRASCEM: 0 disclosures
[516/926] MADRASCEM: wrote 0 rows (277s elapsed, 0.5s/symbol avg)
  MAHABANK: 5 disclosures
[517/926] MAHABANK: wrote 5 rows (278s elapsed, 0.5s/symbol avg)
  MAHAVIRSPG: 0 disclosures
[518/926] MAHAVIRSPG: wrote 0 rows (278s elapsed, 0.5s/symbol avg)
  MAHINDCIE: 0 disclosures
[519/926] MAHINDCIE: wrote 0 rows (279s elapsed, 0.5s/symbol avg)
  MAHSEAMLES: 203 disclosures
[520/926] MAHSEAMLES: wrote 203 rows (279s elapsed, 0.5s/symbol avg)
  MAJESCO: 0 disclosures
[521/926] MAJESCO: wrote 0 rows (280s elapsed, 0.5s/symbol avg)
  MANALIPET: 0 disclosures
[522/926] MANALIPET: wrote 0 rows (280s elapsed, 0.5s/symbol avg)
  MANAPPURAM: 225 disclosures
[523/926] MANAPPURAM: wrote 225 rows (281s elapsed, 0.5s/symbol avg)
  MANGLMCEM: 128 disclosures
[524/926] MANGLMCEM: wrote 128 rows (281s elapsed, 0.5s/symbol avg)
  MANKIND: 3 disclosures
[525/926] MANKIND: wrote 3 rows (282s elapsed, 0.5s/symbol avg)
  MARICO: 215 disclosures
[526/926] MARICO: wrote 215 rows (282s elapsed, 0.5s/symbol avg)
  MARKSANS: 18 disclosures
[527/926] MARKSANS: wrote 18 rows (283s elapsed, 0.5s/symbol avg)
  MARUTI: 27 disclosures
[528/926] MARUTI: wrote 27 rows (283s elapsed, 0.5s/symbol avg)
  MASTEK: 306 disclosures
[529/926] MASTEK: wrote 306 rows (284s elapsed, 0.5s/symbol avg)
  MATRIXLABS: 0 disclosures
[530/926] MATRIXLABS: wrote 0 rows (284s elapsed, 0.5s/symbol avg)
  MAX: 0 disclosures
[531/926] MAX: wrote 0 rows (285s elapsed, 0.5s/symbol avg)
  MAXHEALTH: 169 disclosures
[532/926] MAXHEALTH: wrote 169 rows (285s elapsed, 0.5s/symbol avg)
  MAYTASINFR: 0 disclosures
[533/926] MAYTASINFR: wrote 0 rows (286s elapsed, 0.5s/symbol avg)
  MAZDOCK: 3 disclosures
[534/926] MAZDOCK: wrote 3 rows (286s elapsed, 0.5s/symbol avg)
  MCDOWELL-N: 0 disclosures
[535/926] MCDOWELL-N: wrote 0 rows (287s elapsed, 0.5s/symbol avg)
  MCLEODRUSS: 45 disclosures
[536/926] MCLEODRUSS: wrote 45 rows (287s elapsed, 0.5s/symbol avg)
  MCX: 0 disclosures
[537/926] MCX: wrote 0 rows (288s elapsed, 0.5s/symbol avg)
  MEGH: 84 disclosures
[538/926] MEGH: wrote 84 rows (288s elapsed, 0.5s/symbol avg)
  MEP: 470 disclosures
[539/926] MEP: wrote 470 rows (289s elapsed, 0.5s/symbol avg)
  METROPOLIS: 440 disclosures
[540/926] METROPOLIS: wrote 440 rows (289s elapsed, 0.5s/symbol avg)
  MFSL: 772 disclosures
[541/926] MFSL: wrote 772 rows (290s elapsed, 0.5s/symbol avg)
  MGL: 5 disclosures
[542/926] MGL: wrote 5 rows (291s elapsed, 0.5s/symbol avg)
  MIC: 6 disclosures
[543/926] MIC: wrote 6 rows (291s elapsed, 0.5s/symbol avg)
  MICO: 0 disclosures
[544/926] MICO: wrote 0 rows (292s elapsed, 0.5s/symbol avg)
  MID-DAY: 0 disclosures
[545/926] MID-DAY: wrote 0 rows (292s elapsed, 0.5s/symbol avg)
  MIDHANI: 0 disclosures
[546/926] MIDHANI: wrote 0 rows (292s elapsed, 0.5s/symbol avg)
  MINDAIND: 0 disclosures
[547/926] MINDAIND: wrote 0 rows (293s elapsed, 0.5s/symbol avg)
  MINDTREE: 512 disclosures
[548/926] MINDTREE: wrote 512 rows (294s elapsed, 0.5s/symbol avg)
  MIRZAINT: 101 disclosures
[549/926] MIRZAINT: wrote 101 rows (294s elapsed, 0.5s/symbol avg)
  MIRZATAN: 0 disclosures
[550/926] MIRZATAN: wrote 0 rows (294s elapsed, 0.5s/symbol avg)
  MLL: 0 disclosures
[551/926] MLL: wrote 0 rows (295s elapsed, 0.5s/symbol avg)
  MMTC: 0 disclosures
[552/926] MMTC: wrote 0 rows (295s elapsed, 0.5s/symbol avg)
  MOIL: 6 disclosures
[553/926] MOIL: wrote 6 rows (296s elapsed, 0.5s/symbol avg)
  MONNETISPA: 1 disclosures
[554/926] MONNETISPA: wrote 1 rows (297s elapsed, 0.5s/symbol avg)
  MONSANTO: 0 disclosures
[555/926] MONSANTO: wrote 0 rows (297s elapsed, 0.5s/symbol avg)
  MOREPENLAB: 24 disclosures
[556/926] MOREPENLAB: wrote 24 rows (298s elapsed, 0.5s/symbol avg)
  MOSERBAER: 0 disclosures
[557/926] MOSERBAER: wrote 0 rows (298s elapsed, 0.5s/symbol avg)
  MOTHERSON: 91 disclosures
[558/926] MOTHERSON: wrote 91 rows (298s elapsed, 0.5s/symbol avg)
  MOTHERSUMI: 0 disclosures
[559/926] MOTHERSUMI: wrote 0 rows (299s elapsed, 0.5s/symbol avg)
  MOTILALOFS: 438 disclosures
[560/926] MOTILALOFS: wrote 438 rows (299s elapsed, 0.5s/symbol avg)
  MPHASIS: 897 disclosures
[561/926] MPHASIS: wrote 897 rows (300s elapsed, 0.5s/symbol avg)
  MPHASISBFL: 0 disclosures
[562/926] MPHASISBFL: wrote 0 rows (301s elapsed, 0.5s/symbol avg)
  MRF: 221 disclosures
[563/926] MRF: wrote 221 rows (301s elapsed, 0.5s/symbol avg)
  MRO-TEK: 0 disclosures
[564/926] MRO-TEK: wrote 0 rows (301s elapsed, 0.5s/symbol avg)
  MRPL: 8 disclosures
[565/926] MRPL: wrote 8 rows (302s elapsed, 0.5s/symbol avg)
  MSKPROJ: 0 disclosures
[566/926] MSKPROJ: wrote 0 rows (302s elapsed, 0.5s/symbol avg)
  MTARTECH: 104 disclosures
[567/926] MTARTECH: wrote 104 rows (303s elapsed, 0.5s/symbol avg)
  MTNL: 0 disclosures
[568/926] MTNL: wrote 0 rows (303s elapsed, 0.5s/symbol avg)
  MUKANDLTD: 318 disclosures
[569/926] MUKANDLTD: wrote 318 rows (304s elapsed, 0.5s/symbol avg)
  MUNDRAPORT: 0 disclosures
[570/926] MUNDRAPORT: wrote 0 rows (304s elapsed, 0.5s/symbol avg)
  MUTHOOTFIN: 219 disclosures
[571/926] MUTHOOTFIN: wrote 219 rows (305s elapsed, 0.5s/symbol avg)
  MYSORECEM: 0 disclosures
[572/926] MYSORECEM: wrote 0 rows (305s elapsed, 0.5s/symbol avg)
  NAGARCONST: 0 disclosures
[573/926] NAGARCONST: wrote 0 rows (306s elapsed, 0.5s/symbol avg)
  NAGARFERT: 0 disclosures
[574/926] NAGARFERT: wrote 0 rows (306s elapsed, 0.5s/symbol avg)
  NAHAREXP: 0 disclosures
[575/926] NAHAREXP: wrote 0 rows (307s elapsed, 0.5s/symbol avg)
  NAHARSPG: 0 disclosures
[576/926] NAHARSPG: wrote 0 rows (307s elapsed, 0.5s/symbol avg)
  NAM-INDIA: 1639 disclosures
[577/926] NAM-INDIA: wrote 1639 rows (308s elapsed, 0.5s/symbol avg)
  NATCOPHARM: 148 disclosures
[578/926] NATCOPHARM: wrote 148 rows (308s elapsed, 0.5s/symbol avg)
  NATIONALUM: 9 disclosures
[579/926] NATIONALUM: wrote 9 rows (309s elapsed, 0.5s/symbol avg)
  NAUKRI: 1344 disclosures
[580/926] NAUKRI: wrote 1344 rows (309s elapsed, 0.5s/symbol avg)
  NAVBARFERO: 0 disclosures
[581/926] NAVBARFERO: wrote 0 rows (310s elapsed, 0.5s/symbol avg)
  NAVINFLUOR: 184 disclosures
[582/926] NAVINFLUOR: wrote 184 rows (310s elapsed, 0.5s/symbol avg)
  NAZARA: 63 disclosures
[583/926] NAZARA: wrote 63 rows (311s elapsed, 0.5s/symbol avg)
  NBCC: 19 disclosures
[584/926] NBCC: wrote 19 rows (311s elapsed, 0.5s/symbol avg)
  NBVENTURES: 0 disclosures
[585/926] NBVENTURES: wrote 0 rows (312s elapsed, 0.5s/symbol avg)
  NCC: 196 disclosures
[586/926] NCC: wrote 196 rows (312s elapsed, 0.5s/symbol avg)
  NDTV: 15 disclosures
[587/926] NDTV: wrote 15 rows (313s elapsed, 0.5s/symbol avg)
  NESCO: 37 disclosures
[588/926] NESCO: wrote 37 rows (313s elapsed, 0.5s/symbol avg)
  NESTLEIND: 0 disclosures
[589/926] NESTLEIND: wrote 0 rows (314s elapsed, 0.5s/symbol avg)
  NETWEB: 0 disclosures
[590/926] NETWEB: wrote 0 rows (314s elapsed, 0.5s/symbol avg)
  NEULANDLAB: 42 disclosures
[591/926] NEULANDLAB: wrote 42 rows (315s elapsed, 0.5s/symbol avg)
  NEYVELILIG: 0 disclosures
[592/926] NEYVELILIG: wrote 0 rows (315s elapsed, 0.5s/symbol avg)
  NFL: 2 disclosures
[593/926] NFL: wrote 2 rows (316s elapsed, 0.5s/symbol avg)
  NHPC: 25 disclosures
[594/926] NHPC: wrote 25 rows (316s elapsed, 0.5s/symbol avg)
  NICOLASPIR: 0 disclosures
[595/926] NICOLASPIR: wrote 0 rows (317s elapsed, 0.5s/symbol avg)
  NIFTYBEES: 0 disclosures
[596/926] NIFTYBEES: wrote 0 rows (317s elapsed, 0.5s/symbol avg)
  NIITLTD: 339 disclosures
[597/926] NIITLTD: wrote 339 rows (318s elapsed, 0.5s/symbol avg)
  NIITTECH: 0 disclosures
[598/926] NIITTECH: wrote 0 rows (318s elapsed, 0.5s/symbol avg)
  NILKAMAL: 95 disclosures
[599/926] NILKAMAL: wrote 95 rows (319s elapsed, 0.5s/symbol avg)
  NIPPONDENR: 0 disclosures
[600/926] NIPPONDENR: wrote 0 rows (319s elapsed, 0.5s/symbol avg)
  NLCINDIA: 18 disclosures
[601/926] NLCINDIA: wrote 18 rows (320s elapsed, 0.5s/symbol avg)
  NMDC: 9 disclosures
[602/926] NMDC: wrote 9 rows (320s elapsed, 0.5s/symbol avg)
  NOCIL: 205 disclosures
[603/926] NOCIL: wrote 205 rows (321s elapsed, 0.5s/symbol avg)
  NOIDATOLL: 2 disclosures
[604/926] NOIDATOLL: wrote 2 rows (321s elapsed, 0.5s/symbol avg)
  NRC: 0 disclosures
[605/926] NRC: wrote 0 rows (322s elapsed, 0.5s/symbol avg)
  NTPC: 13 disclosures
[606/926] NTPC: wrote 13 rows (322s elapsed, 0.5s/symbol avg)
  NUCLEUS: 11 disclosures
[607/926] NUCLEUS: wrote 11 rows (323s elapsed, 0.5s/symbol avg)
  NUVAMA: 0 disclosures
[608/926] NUVAMA: wrote 0 rows (323s elapsed, 0.5s/symbol avg)
  NYKAA: 750 disclosures
[609/926] NYKAA: wrote 750 rows (324s elapsed, 0.5s/symbol avg)
  OBEROIRLTY: 54 disclosures
[610/926] OBEROIRLTY: wrote 54 rows (324s elapsed, 0.5s/symbol avg)
  OFSS: 963 disclosures
[611/926] OFSS: wrote 963 rows (325s elapsed, 0.5s/symbol avg)
  OIL: 8 disclosures
[612/926] OIL: wrote 8 rows (326s elapsed, 0.5s/symbol avg)
  OLAELEC: 0 disclosures
[613/926] OLAELEC: wrote 0 rows (326s elapsed, 0.5s/symbol avg)
  OLECTRA: 96 disclosures
[614/926] OLECTRA: wrote 96 rows (326s elapsed, 0.5s/symbol avg)
  OMAXE: 159 disclosures
[615/926] OMAXE: wrote 159 rows (327s elapsed, 0.5s/symbol avg)
  ONELIFECAP: 4 disclosures
[616/926] ONELIFECAP: wrote 4 rows (328s elapsed, 0.5s/symbol avg)
  ONGC: 7 disclosures
[617/926] ONGC: wrote 7 rows (328s elapsed, 0.5s/symbol avg)
  ONMOBILE: 96 disclosures
[618/926] ONMOBILE: wrote 96 rows (329s elapsed, 0.5s/symbol avg)
  OPTOCIRCUI: 45 disclosures
[619/926] OPTOCIRCUI: wrote 45 rows (329s elapsed, 0.5s/symbol avg)
  ORBITCORP: 12 disclosures
[620/926] ORBITCORP: wrote 12 rows (330s elapsed, 0.5s/symbol avg)
  ORCHIDCHEM: 0 disclosures
[621/926] ORCHIDCHEM: wrote 0 rows (330s elapsed, 0.5s/symbol avg)
  ORIENTBANK: 0 disclosures
[622/926] ORIENTBANK: wrote 0 rows (331s elapsed, 0.5s/symbol avg)
  ORIENTPPR: 15 disclosures
[623/926] ORIENTPPR: wrote 15 rows (331s elapsed, 0.5s/symbol avg)
  ORISSAMINE: 0 disclosures
[624/926] ORISSAMINE: wrote 0 rows (332s elapsed, 0.5s/symbol avg)
  OUDHSUG: 0 disclosures
[625/926] OUDHSUG: wrote 0 rows (332s elapsed, 0.5s/symbol avg)
  PAGEIND: 227 disclosures
[626/926] PAGEIND: wrote 227 rows (332s elapsed, 0.5s/symbol avg)
  PANACEABIO: 92 disclosures
[627/926] PANACEABIO: wrote 92 rows (333s elapsed, 0.5s/symbol avg)
  PANTALOONR: 0 disclosures
[628/926] PANTALOONR: wrote 0 rows (333s elapsed, 0.5s/symbol avg)
  PARADEEP: 24 disclosures
[629/926] PARADEEP: wrote 24 rows (334s elapsed, 0.5s/symbol avg)
  PARAS: 10 disclosures
[630/926] PARAS: wrote 10 rows (335s elapsed, 0.5s/symbol avg)
  PARSVNATH: 52 disclosures
[631/926] PARSVNATH: wrote 52 rows (335s elapsed, 0.5s/symbol avg)
  PATANJALI: 22 disclosures
[632/926] PATANJALI: wrote 22 rows (336s elapsed, 0.5s/symbol avg)
  PATELENG: 79 disclosures
[633/926] PATELENG: wrote 79 rows (336s elapsed, 0.5s/symbol avg)
  PATNI: 0 disclosures
[634/926] PATNI: wrote 0 rows (337s elapsed, 0.5s/symbol avg)
  PAYTM: 0 disclosures
[635/926] PAYTM: wrote 0 rows (337s elapsed, 0.5s/symbol avg)
  PCBL: 6 disclosures
[636/926] PCBL: wrote 6 rows (338s elapsed, 0.5s/symbol avg)
  PCJEWELLER: 85 disclosures
[637/926] PCJEWELLER: wrote 85 rows (338s elapsed, 0.5s/symbol avg)
  PEL: 872 disclosures
[638/926] PEL: wrote 872 rows (339s elapsed, 0.5s/symbol avg)
  PENINLAND: 46 disclosures
[639/926] PENINLAND: wrote 46 rows (339s elapsed, 0.5s/symbol avg)
  PENTSFWARE: 0 disclosures
[640/926] PENTSFWARE: wrote 0 rows (340s elapsed, 0.5s/symbol avg)
  PERSISTENT: 545 disclosures
[641/926] PERSISTENT: wrote 545 rows (340s elapsed, 0.5s/symbol avg)
  PETRONET: 0 disclosures
[642/926] PETRONET: wrote 0 rows (341s elapsed, 0.5s/symbol avg)
  PFC: 10 disclosures
[643/926] PFC: wrote 10 rows (341s elapsed, 0.5s/symbol avg)
  PFIZER: 5 disclosures
[644/926] PFIZER: wrote 5 rows (342s elapsed, 0.5s/symbol avg)
  PFOCUS: 97 disclosures
[645/926] PFOCUS: wrote 97 rows (343s elapsed, 0.5s/symbol avg)
  PFS: 1 disclosures
[646/926] PFS: wrote 1 rows (343s elapsed, 0.5s/symbol avg)
  PGEL: 86 disclosures
[647/926] PGEL: wrote 86 rows (344s elapsed, 0.5s/symbol avg)
  PHILIPCARB: 0 disclosures
[648/926] PHILIPCARB: wrote 0 rows (344s elapsed, 0.5s/symbol avg)
  PHOENIXLTD: 316 disclosures
[649/926] PHOENIXLTD: wrote 316 rows (345s elapsed, 0.5s/symbol avg)
  PIDILITIND: 529 disclosures
[650/926] PIDILITIND: wrote 529 rows (345s elapsed, 0.5s/symbol avg)
  PIIND: 342 disclosures
[651/926] PIIND: wrote 342 rows (346s elapsed, 0.5s/symbol avg)
  PIPAVAVDOC: 0 disclosures
[652/926] PIPAVAVDOC: wrote 0 rows (346s elapsed, 0.5s/symbol avg)
  PIPAVAVYD: 0 disclosures
[653/926] PIPAVAVYD: wrote 0 rows (347s elapsed, 0.5s/symbol avg)
  PIRHEALTH: 0 disclosures
[654/926] PIRHEALTH: wrote 0 rows (347s elapsed, 0.5s/symbol avg)
  PLETHICO: 6 disclosures
[655/926] PLETHICO: wrote 6 rows (348s elapsed, 0.5s/symbol avg)
  PNB: 0 disclosures
[656/926] PNB: wrote 0 rows (348s elapsed, 0.5s/symbol avg)
  PNBHOUSING: 941 disclosures
[657/926] PNBHOUSING: wrote 941 rows (349s elapsed, 0.5s/symbol avg)
  POLARIS: 95 disclosures
[658/926] POLARIS: wrote 95 rows (350s elapsed, 0.5s/symbol avg)
  POLICYBZR: 69 disclosures
[659/926] POLICYBZR: wrote 69 rows (350s elapsed, 0.5s/symbol avg)
  POLYCAB: 211 disclosures
[660/926] POLYCAB: wrote 211 rows (351s elapsed, 0.5s/symbol avg)
  POLYPLEX: 23 disclosures
[661/926] POLYPLEX: wrote 23 rows (351s elapsed, 0.5s/symbol avg)
  POONAWALLA: 145 disclosures
[662/926] POONAWALLA: wrote 145 rows (352s elapsed, 0.5s/symbol avg)
  POWERGRID: 0 disclosures
[663/926] POWERGRID: wrote 0 rows (352s elapsed, 0.5s/symbol avg)
  POWERINDIA: 4 disclosures
[664/926] POWERINDIA: wrote 4 rows (353s elapsed, 0.5s/symbol avg)
  PPLPHARMA: 0 disclosures
[665/926] PPLPHARMA: wrote 0 rows (353s elapsed, 0.5s/symbol avg)
  PRAJIND: 232 disclosures
[666/926] PRAJIND: wrote 232 rows (354s elapsed, 0.5s/symbol avg)
  PRAKASH: 195 disclosures
[667/926] PRAKASH: wrote 195 rows (354s elapsed, 0.5s/symbol avg)
  PREMIERENE: 38 disclosures
[668/926] PREMIERENE: wrote 38 rows (355s elapsed, 0.5s/symbol avg)
  PRESTIGE: 10 disclosures
[669/926] PRESTIGE: wrote 10 rows (356s elapsed, 0.5s/symbol avg)
  PRICOL: 42 disclosures
[670/926] PRICOL: wrote 42 rows (356s elapsed, 0.5s/symbol avg)
  PRISMCEM: 0 disclosures
[671/926] PRISMCEM: wrote 0 rows (356s elapsed, 0.5s/symbol avg)
  PRITHVI: 0 disclosures
[672/926] PRITHVI: wrote 0 rows (357s elapsed, 0.5s/symbol avg)
  PSTL: 0 disclosures
[673/926] PSTL: wrote 0 rows (357s elapsed, 0.5s/symbol avg)
  PTC: 2 disclosures
[674/926] PTC: wrote 2 rows (358s elapsed, 0.5s/symbol avg)
  PUNJABTRAC: 0 disclosures
[675/926] PUNJABTRAC: wrote 0 rows (358s elapsed, 0.5s/symbol avg)
  PUNJLLOYD: 158 disclosures
[676/926] PUNJLLOYD: wrote 158 rows (359s elapsed, 0.5s/symbol avg)
  PVR: 0 disclosures
[677/926] PVR: wrote 0 rows (359s elapsed, 0.5s/symbol avg)
  RADICO: 18 disclosures
[678/926] RADICO: wrote 18 rows (360s elapsed, 0.5s/symbol avg)
  RAILTEL: 0 disclosures
[679/926] RAILTEL: wrote 0 rows (360s elapsed, 0.5s/symbol avg)
  RAIN: 15 disclosures
[680/926] RAIN: wrote 15 rows (361s elapsed, 0.5s/symbol avg)
  RAINCALCIN: 0 disclosures
[681/926] RAINCALCIN: wrote 0 rows (361s elapsed, 0.5s/symbol avg)
  RAJESHEXPO: 48 disclosures
[682/926] RAJESHEXPO: wrote 48 rows (362s elapsed, 0.5s/symbol avg)
  RAJSREESUG: 10 disclosures
[683/926] RAJSREESUG: wrote 10 rows (362s elapsed, 0.5s/symbol avg)
  RAJTV: 131 disclosures
[684/926] RAJTV: wrote 131 rows (363s elapsed, 0.5s/symbol avg)
  RALLIS: 13 disclosures
[685/926] RALLIS: wrote 13 rows (363s elapsed, 0.5s/symbol avg)
  RAMANEWSPR: 0 disclosures
[686/926] RAMANEWSPR: wrote 0 rows (364s elapsed, 0.5s/symbol avg)
  RAMCOCEM: 71 disclosures
[687/926] RAMCOCEM: wrote 71 rows (364s elapsed, 0.5s/symbol avg)
  RAMCOSYS: 225 disclosures
[688/926] RAMCOSYS: wrote 225 rows (365s elapsed, 0.5s/symbol avg)
  RANASUG: 11 disclosures
[689/926] RANASUG: wrote 11 rows (365s elapsed, 0.5s/symbol avg)
  RANBAXY: 0 disclosures
[690/926] RANBAXY: wrote 0 rows (366s elapsed, 0.5s/symbol avg)
  RAYMOND: 146 disclosures
[691/926] RAYMOND: wrote 146 rows (366s elapsed, 0.5s/symbol avg)
  RBLBANK: 4313 disclosures
[692/926] RBLBANK: wrote 4313 rows (367s elapsed, 0.5s/symbol avg)
  RCF: 2 disclosures
[693/926] RCF: wrote 2 rows (367s elapsed, 0.5s/symbol avg)
  RCOM: 68 disclosures
[694/926] RCOM: wrote 68 rows (368s elapsed, 0.5s/symbol avg)
  RECLTD: 9 disclosures
[695/926] RECLTD: wrote 9 rows (369s elapsed, 0.5s/symbol avg)
  REDINGTON: 129 disclosures
[696/926] REDINGTON: wrote 129 rows (369s elapsed, 0.5s/symbol avg)
  REIAGRO: 0 disclosures
[697/926] REIAGRO: wrote 0 rows (369s elapsed, 0.5s/symbol avg)
  REL: 0 disclosures
[698/926] REL: wrote 0 rows (370s elapsed, 0.5s/symbol avg)
  RELAXO: 369 disclosures
[699/926] RELAXO: wrote 369 rows (370s elapsed, 0.5s/symbol avg)
  RELCAPITAL: 90 disclosures
[700/926] RELCAPITAL: wrote 90 rows (371s elapsed, 0.5s/symbol avg)
  RELIANCE: 2397 disclosures
[701/926] RELIANCE: wrote 2397 rows (372s elapsed, 0.5s/symbol avg)
  RELIGARE: 769 disclosures
[702/926] RELIGARE: wrote 769 rows (372s elapsed, 0.5s/symbol avg)
  RELINFRA: 79 disclosures
[703/926] RELINFRA: wrote 79 rows (373s elapsed, 0.5s/symbol avg)
  RELMEDIA: 0 disclosures
[704/926] RELMEDIA: wrote 0 rows (373s elapsed, 0.5s/symbol avg)
  RENUKA: 48 disclosures
[705/926] RENUKA: wrote 48 rows (374s elapsed, 0.5s/symbol avg)
  REPCOHOME: 66 disclosures
[706/926] REPCOHOME: wrote 66 rows (374s elapsed, 0.5s/symbol avg)
  RESURGERE: 0 disclosures
[707/926] RESURGERE: wrote 0 rows (375s elapsed, 0.5s/symbol avg)
  RIIL: 0 disclosures
[708/926] RIIL: wrote 0 rows (375s elapsed, 0.5s/symbol avg)
  RITES: 61 disclosures
[709/926] RITES: wrote 61 rows (375s elapsed, 0.5s/symbol avg)
  RNAM: 0 disclosures
[710/926] RNAM: wrote 0 rows (376s elapsed, 0.5s/symbol avg)
  RNRL: 0 disclosures
[711/926] RNRL: wrote 0 rows (376s elapsed, 0.5s/symbol avg)
  ROLTA: 168 disclosures
[712/926] ROLTA: wrote 168 rows (377s elapsed, 0.5s/symbol avg)
  ROUTE: 396 disclosures
[713/926] ROUTE: wrote 396 rows (377s elapsed, 0.5s/symbol avg)
  RPL: 0 disclosures
[714/926] RPL: wrote 0 rows (378s elapsed, 0.5s/symbol avg)
  RPOWER: 167 disclosures
[715/926] RPOWER: wrote 167 rows (378s elapsed, 0.5s/symbol avg)
  RRKABEL: 0 disclosures
[716/926] RRKABEL: wrote 0 rows (379s elapsed, 0.5s/symbol avg)
  RSSOFTWARE: 37 disclosures
[717/926] RSSOFTWARE: wrote 37 rows (379s elapsed, 0.5s/symbol avg)
  RTNPOWER: 18 disclosures
[718/926] RTNPOWER: wrote 18 rows (380s elapsed, 0.5s/symbol avg)
  RUCHISOYA: 162 disclosures
[719/926] RUCHISOYA: wrote 162 rows (380s elapsed, 0.5s/symbol avg)
  RUSHIL: 35 disclosures
[720/926] RUSHIL: wrote 35 rows (381s elapsed, 0.5s/symbol avg)
  RVNL: 9 disclosures
[721/926] RVNL: wrote 9 rows (381s elapsed, 0.5s/symbol avg)
  SAGILITY: 0 disclosures
[722/926] SAGILITY: wrote 0 rows (382s elapsed, 0.5s/symbol avg)
  SAIL: 1 disclosures
[723/926] SAIL: wrote 1 rows (382s elapsed, 0.5s/symbol avg)
  SAKHTISUG: 61 disclosures
[724/926] SAKHTISUG: wrote 61 rows (383s elapsed, 0.5s/symbol avg)
  SAMMAANCAP: 1606 disclosures
[725/926] SAMMAANCAP: wrote 1606 rows (384s elapsed, 0.5s/symbol avg)
  SAMTEL: 0 disclosures
[726/926] SAMTEL: wrote 0 rows (384s elapsed, 0.5s/symbol avg)
  SANOFI: 0 disclosures
[727/926] SANOFI: wrote 0 rows (384s elapsed, 0.5s/symbol avg)
  SAREGAMA: 6 disclosures
[728/926] SAREGAMA: wrote 6 rows (385s elapsed, 0.5s/symbol avg)
  SASKEN: 328 disclosures
[729/926] SASKEN: wrote 328 rows (386s elapsed, 0.5s/symbol avg)
  SATNAMOVER: 0 disclosures
[730/926] SATNAMOVER: wrote 0 rows (386s elapsed, 0.5s/symbol avg)
  SATYAMCOMP: 0 disclosures
[731/926] SATYAMCOMP: wrote 0 rows (386s elapsed, 0.5s/symbol avg)
  SAWPIPES: 0 disclosures
[732/926] SAWPIPES: wrote 0 rows (387s elapsed, 0.5s/symbol avg)
  SB&TINTL: 0 disclosures
[733/926] SB&TINTL: wrote 0 rows (387s elapsed, 0.5s/symbol avg)
  SBICARD: 1147 disclosures
[734/926] SBICARD: wrote 1147 rows (388s elapsed, 0.5s/symbol avg)
  SBILIFE: 35 disclosures
[735/926] SBILIFE: wrote 35 rows (389s elapsed, 0.5s/symbol avg)
  SBIN: 11 disclosures
[736/926] SBIN: wrote 11 rows (389s elapsed, 0.5s/symbol avg)
  SBISILVER: 0 disclosures
[737/926] SBISILVER: wrote 0 rows (389s elapsed, 0.5s/symbol avg)
  SCANDENT: 0 disclosures
[738/926] SCANDENT: wrote 0 rows (390s elapsed, 0.5s/symbol avg)
  SCHAEFFLER: 3 disclosures
[739/926] SCHAEFFLER: wrote 3 rows (390s elapsed, 0.5s/symbol avg)
  SCI: 0 disclosures
[740/926] SCI: wrote 0 rows (391s elapsed, 0.5s/symbol avg)
  SEAMECLTD: 27 disclosures
[741/926] SEAMECLTD: wrote 27 rows (392s elapsed, 0.5s/symbol avg)
  SEINV: 0 disclosures
[742/926] SEINV: wrote 0 rows (392s elapsed, 0.5s/symbol avg)
  SELMCL: 0 disclosures
[743/926] SELMCL: wrote 0 rows (392s elapsed, 0.5s/symbol avg)
  SEQUENT: 0 disclosures
[744/926] SEQUENT: wrote 0 rows (393s elapsed, 0.5s/symbol avg)
  SESAGOA: 0 disclosures
[745/926] SESAGOA: wrote 0 rows (393s elapsed, 0.5s/symbol avg)
  SETFGOLD: 0 disclosures
[746/926] SETFGOLD: wrote 0 rows (394s elapsed, 0.5s/symbol avg)
  SHANTIGEAR: 3 disclosures
[747/926] SHANTIGEAR: wrote 3 rows (394s elapsed, 0.5s/symbol avg)
  SHASUNPHAR: 0 disclosures
[748/926] SHASUNPHAR: wrote 0 rows (395s elapsed, 0.5s/symbol avg)
  SHILPAMED: 117 disclosures
[749/926] SHILPAMED: wrote 117 rows (395s elapsed, 0.5s/symbol avg)
  SHIV-VANI: 0 disclosures
[750/926] SHIV-VANI: wrote 0 rows (396s elapsed, 0.5s/symbol avg)
  SHREEASHTA: 0 disclosures
[751/926] SHREEASHTA: wrote 0 rows (396s elapsed, 0.5s/symbol avg)
  SHREECEM: 22 disclosures
[752/926] SHREECEM: wrote 22 rows (397s elapsed, 0.5s/symbol avg)
  SHRIRAMFIN: 32 disclosures
[753/926] SHRIRAMFIN: wrote 32 rows (397s elapsed, 0.5s/symbol avg)
  SHYAMTELE: 0 disclosures
[754/926] SHYAMTELE: wrote 0 rows (398s elapsed, 0.5s/symbol avg)
  SIEMENS: 26 disclosures
[755/926] SIEMENS: wrote 26 rows (398s elapsed, 0.5s/symbol avg)
  SILVER: 0 disclosures
[756/926] SILVER: wrote 0 rows (399s elapsed, 0.5s/symbol avg)
  SILVERBEES: 0 disclosures
[757/926] SILVERBEES: wrote 0 rows (399s elapsed, 0.5s/symbol avg)
  SILVERIETF: 0 disclosures
[758/926] SILVERIETF: wrote 0 rows (400s elapsed, 0.5s/symbol avg)
  SINTEX: 64 disclosures
[759/926] SINTEX: wrote 64 rows (400s elapsed, 0.5s/symbol avg)
  SIRPAPER: 0 disclosures
[760/926] SIRPAPER: wrote 0 rows (401s elapsed, 0.5s/symbol avg)
  SJVN: 11 disclosures
[761/926] SJVN: wrote 11 rows (401s elapsed, 0.5s/symbol avg)
  SKFINDIA: 10 disclosures
[762/926] SKFINDIA: wrote 10 rows (402s elapsed, 0.5s/symbol avg)
  SKSMICRO: 4 disclosures
[763/926] SKSMICRO: wrote 4 rows (402s elapsed, 0.5s/symbol avg)
  SKUMARSYNF: 0 disclosures
[764/926] SKUMARSYNF: wrote 0 rows (403s elapsed, 0.5s/symbol avg)
  SMLISUZU: 0 disclosures
[765/926] SMLISUZU: wrote 0 rows (403s elapsed, 0.5s/symbol avg)
  SNOWMAN: 33 disclosures
[766/926] SNOWMAN: wrote 33 rows (404s elapsed, 0.5s/symbol avg)
  SOBHA: 82 disclosures
[767/926] SOBHA: wrote 82 rows (404s elapsed, 0.5s/symbol avg)
  SOLARINDS: 44 disclosures
[768/926] SOLARINDS: wrote 44 rows (405s elapsed, 0.5s/symbol avg)
  SONACOMS: 0 disclosures
[769/926] SONACOMS: wrote 0 rows (405s elapsed, 0.5s/symbol avg)
  SONATSOFTW: 165 disclosures
[770/926] SONATSOFTW: wrote 165 rows (406s elapsed, 0.5s/symbol avg)
  SOUTHBANK: 21 disclosures
[771/926] SOUTHBANK: wrote 21 rows (406s elapsed, 0.5s/symbol avg)
  SPARC: 106 disclosures
[772/926] SPARC: wrote 106 rows (407s elapsed, 0.5s/symbol avg)
  SPICEJET: 0 disclosures
[773/926] SPICEJET: wrote 0 rows (407s elapsed, 0.5s/symbol avg)
  SREINFRA: 21 disclosures
[774/926] SREINFRA: wrote 21 rows (408s elapsed, 0.5s/symbol avg)
  SREINTFIN: 0 disclosures
[775/926] SREINTFIN: wrote 0 rows (408s elapsed, 0.5s/symbol avg)
  SRF: 24 disclosures
[776/926] SRF: wrote 24 rows (409s elapsed, 0.5s/symbol avg)
  SRIADIKARI: 0 disclosures
[777/926] SRIADIKARI: wrote 0 rows (409s elapsed, 0.5s/symbol avg)
  SRTRANSFIN: 0 disclosures
[778/926] SRTRANSFIN: wrote 0 rows (410s elapsed, 0.5s/symbol avg)
  SSLT: 0 disclosures
[779/926] SSLT: wrote 0 rows (410s elapsed, 0.5s/symbol avg)
  STAR: 203 disclosures
[780/926] STAR: wrote 203 rows (411s elapsed, 0.5s/symbol avg)
  STCINDIA: 0 disclosures
[781/926] STCINDIA: wrote 0 rows (411s elapsed, 0.5s/symbol avg)
  STER: 0 disclosures
[782/926] STER: wrote 0 rows (412s elapsed, 0.5s/symbol avg)
  STERLINBIO: 0 disclosures
[783/926] STERLINBIO: wrote 0 rows (412s elapsed, 0.5s/symbol avg)
  STLTECH: 646 disclosures
[784/926] STLTECH: wrote 646 rows (413s elapsed, 0.5s/symbol avg)
  STROPTICAL: 0 disclosures
[785/926] STROPTICAL: wrote 0 rows (413s elapsed, 0.5s/symbol avg)
  STRTECH: 0 disclosures
[786/926] STRTECH: wrote 0 rows (413s elapsed, 0.5s/symbol avg)
  SUBEX: 97 disclosures
[787/926] SUBEX: wrote 97 rows (414s elapsed, 0.5s/symbol avg)
  SUJANATOW: 0 disclosures
[788/926] SUJANATOW: wrote 0 rows (415s elapsed, 0.5s/symbol avg)
  SUNILHITEC: 60 disclosures
[789/926] SUNILHITEC: wrote 60 rows (415s elapsed, 0.5s/symbol avg)
  SUNPHARMA: 1109 disclosures
[790/926] SUNPHARMA: wrote 1109 rows (416s elapsed, 0.5s/symbol avg)
  SUNTECK: 151 disclosures
[791/926] SUNTECK: wrote 151 rows (416s elapsed, 0.5s/symbol avg)
  SUNTV: 48 disclosures
[792/926] SUNTV: wrote 48 rows (417s elapsed, 0.5s/symbol avg)
  SUPREMEIND: 30 disclosures
[793/926] SUPREMEIND: wrote 30 rows (417s elapsed, 0.5s/symbol avg)
  SURAJDIAMN: 0 disclosures
[794/926] SURAJDIAMN: wrote 0 rows (418s elapsed, 0.5s/symbol avg)
  SURYAPHARM: 0 disclosures
[795/926] SURYAPHARM: wrote 0 rows (418s elapsed, 0.5s/symbol avg)
  SUVEN: 10 disclosures
[796/926] SUVEN: wrote 10 rows (419s elapsed, 0.5s/symbol avg)
  SUZLON: 186 disclosures
[797/926] SUZLON: wrote 186 rows (419s elapsed, 0.5s/symbol avg)
  SWANENERGY: 0 disclosures
[798/926] SWANENERGY: wrote 0 rows (420s elapsed, 0.5s/symbol avg)
  SWIGGY: 0 disclosures
[799/926] SWIGGY: wrote 0 rows (420s elapsed, 0.5s/symbol avg)
  SWSOLAR: 175 disclosures
[800/926] SWSOLAR: wrote 175 rows (421s elapsed, 0.5s/symbol avg)
  SYMPHONY: 112 disclosures
[801/926] SYMPHONY: wrote 112 rows (421s elapsed, 0.5s/symbol avg)
  SYNDIBANK: 3 disclosures
[802/926] SYNDIBANK: wrote 3 rows (422s elapsed, 0.5s/symbol avg)
  SYNGENE: 1432 disclosures
[803/926] SYNGENE: wrote 1432 rows (422s elapsed, 0.5s/symbol avg)
  SYRMA: 7 disclosures
[804/926] SYRMA: wrote 7 rows (423s elapsed, 0.5s/symbol avg)
  TAKE: 43 disclosures
[805/926] TAKE: wrote 43 rows (423s elapsed, 0.5s/symbol avg)
  TANLA: 375 disclosures
[806/926] TANLA: wrote 375 rows (424s elapsed, 0.5s/symbol avg)
  TARIL: 4 disclosures
[807/926] TARIL: wrote 4 rows (425s elapsed, 0.5s/symbol avg)
  TASCPHARMA: 0 disclosures
[808/926] TASCPHARMA: wrote 0 rows (425s elapsed, 0.5s/symbol avg)
  TATACHEM: 35 disclosures
[809/926] TATACHEM: wrote 35 rows (426s elapsed, 0.5s/symbol avg)
  TATACOFFEE: 1 disclosures
[810/926] TATACOFFEE: wrote 1 rows (426s elapsed, 0.5s/symbol avg)
  TATACOMM: 7 disclosures
[811/926] TATACOMM: wrote 7 rows (426s elapsed, 0.5s/symbol avg)
  TATACONSUM: 53 disclosures
[812/926] TATACONSUM: wrote 53 rows (427s elapsed, 0.5s/symbol avg)
  TATAELXSI: 16 disclosures
[813/926] TATAELXSI: wrote 16 rows (428s elapsed, 0.5s/symbol avg)
  TATAFIN: 0 disclosures
[814/926] TATAFIN: wrote 0 rows (428s elapsed, 0.5s/symbol avg)
  TATAGLOBAL: 0 disclosures
[815/926] TATAGLOBAL: wrote 0 rows (428s elapsed, 0.5s/symbol avg)
  TATAGOLD: 0 disclosures
[816/926] TATAGOLD: wrote 0 rows (429s elapsed, 0.5s/symbol avg)
  TATAMETALI: 3 disclosures
[817/926] TATAMETALI: wrote 3 rows (429s elapsed, 0.5s/symbol avg)
  TATAMOTORS: 0 disclosures
[818/926] TATAMOTORS: wrote 0 rows (430s elapsed, 0.5s/symbol avg)
  TATAMTRDVR: 22 disclosures
[819/926] TATAMTRDVR: wrote 22 rows (430s elapsed, 0.5s/symbol avg)
  TATAPOWER: 46 disclosures
[820/926] TATAPOWER: wrote 46 rows (431s elapsed, 0.5s/symbol avg)
  TATASPONGE: 0 disclosures
[821/926] TATASPONGE: wrote 0 rows (431s elapsed, 0.5s/symbol avg)
  TATASTEEL: 32 disclosures
[822/926] TATASTEEL: wrote 32 rows (432s elapsed, 0.5s/symbol avg)
  TATASTLBSL: 29 disclosures
[823/926] TATASTLBSL: wrote 29 rows (432s elapsed, 0.5s/symbol avg)
  TATATEA: 0 disclosures
[824/926] TATATEA: wrote 0 rows (433s elapsed, 0.5s/symbol avg)
  TATATELSER: 0 disclosures
[825/926] TATATELSER: wrote 0 rows (433s elapsed, 0.5s/symbol avg)
  TATSILV: 0 disclosures
[826/926] TATSILV: wrote 0 rows (434s elapsed, 0.5s/symbol avg)
  TCS: 153 disclosures
[827/926] TCS: wrote 153 rows (434s elapsed, 0.5s/symbol avg)
  TDPOWERSYS: 323 disclosures
[828/926] TDPOWERSYS: wrote 323 rows (435s elapsed, 0.5s/symbol avg)
  TECHM: 2951 disclosures
[829/926] TECHM: wrote 2951 rows (436s elapsed, 0.5s/symbol avg)
  TEJASNET: 929 disclosures
[830/926] TEJASNET: wrote 929 rows (436s elapsed, 0.5s/symbol avg)
  TELEDATAIN: 0 disclosures
[831/926] TELEDATAIN: wrote 0 rows (437s elapsed, 0.5s/symbol avg)
  TEXRAIL: 85 disclosures
[832/926] TEXRAIL: wrote 85 rows (437s elapsed, 0.5s/symbol avg)
  THEBYKE: 0 disclosures
[833/926] THEBYKE: wrote 0 rows (438s elapsed, 0.5s/symbol avg)
  THERMAX: 8 disclosures
[834/926] THERMAX: wrote 8 rows (438s elapsed, 0.5s/symbol avg)
  THYROCARE: 105 disclosures
[835/926] THYROCARE: wrote 105 rows (439s elapsed, 0.5s/symbol avg)
  TIDEWATER: 0 disclosures
[836/926] TIDEWATER: wrote 0 rows (439s elapsed, 0.5s/symbol avg)
  TIINDIA: 171 disclosures
[837/926] TIINDIA: wrote 171 rows (440s elapsed, 0.5s/symbol avg)
  TIMKEN: 0 disclosures
[838/926] TIMKEN: wrote 0 rows (440s elapsed, 0.5s/symbol avg)
  TINPLATE: 0 disclosures
[839/926] TINPLATE: wrote 0 rows (440s elapsed, 0.5s/symbol avg)
  TIRUMALCHM: 214 disclosures
[840/926] TIRUMALCHM: wrote 214 rows (441s elapsed, 0.5s/symbol avg)
  TISCO: 0 disclosures
[841/926] TISCO: wrote 0 rows (441s elapsed, 0.5s/symbol avg)
  TITAGARH: 56 disclosures
[842/926] TITAGARH: wrote 56 rows (442s elapsed, 0.5s/symbol avg)
  TITAN: 53 disclosures
[843/926] TITAN: wrote 53 rows (443s elapsed, 0.5s/symbol avg)
  TNPL: 0 disclosures
[844/926] TNPL: wrote 0 rows (443s elapsed, 0.5s/symbol avg)
  TODAYS: 0 disclosures
[845/926] TODAYS: wrote 0 rows (443s elapsed, 0.5s/symbol avg)
  TORNTPHARM: 30 disclosures
[846/926] TORNTPHARM: wrote 30 rows (444s elapsed, 0.5s/symbol avg)
  TORNTPOWER: 0 disclosures
[847/926] TORNTPOWER: wrote 0 rows (444s elapsed, 0.5s/symbol avg)
  TRENT: 24 disclosures
[848/926] TRENT: wrote 24 rows (445s elapsed, 0.5s/symbol avg)
  TRIDENT: 111 disclosures
[849/926] TRIDENT: wrote 111 rows (445s elapsed, 0.5s/symbol avg)
  TRITURBINE: 29 disclosures
[850/926] TRITURBINE: wrote 29 rows (446s elapsed, 0.5s/symbol avg)
  TRIVENI: 19 disclosures
[851/926] TRIVENI: wrote 19 rows (447s elapsed, 0.5s/symbol avg)
  TTKPRESTIG: 30 disclosures
[852/926] TTKPRESTIG: wrote 30 rows (447s elapsed, 0.5s/symbol avg)
  TTML: 2 disclosures
[853/926] TTML: wrote 2 rows (448s elapsed, 0.5s/symbol avg)
  TULIP: 0 disclosures
[854/926] TULIP: wrote 0 rows (448s elapsed, 0.5s/symbol avg)
  TV-18: 0 disclosures
[855/926] TV-18: wrote 0 rows (449s elapsed, 0.5s/symbol avg)
  TV18: 0 disclosures
[856/926] TV18: wrote 0 rows (449s elapsed, 0.5s/symbol avg)
  TV18BRDCST: 2 disclosures
[857/926] TV18BRDCST: wrote 2 rows (450s elapsed, 0.5s/symbol avg)
  TVSMOTOR: 1 disclosures
[858/926] TVSMOTOR: wrote 1 rows (450s elapsed, 0.5s/symbol avg)
  TVTODAY: 36 disclosures
[859/926] TVTODAY: wrote 36 rows (458s elapsed, 0.5s/symbol avg)
  TWL: 0 disclosures
[860/926] TWL: wrote 0 rows (458s elapsed, 0.5s/symbol avg)
  UBHOLDINGS: 0 disclosures
[861/926] UBHOLDINGS: wrote 0 rows (459s elapsed, 0.5s/symbol avg)
  UBL: 15 disclosures
[862/926] UBL: wrote 15 rows (459s elapsed, 0.5s/symbol avg)
  UCALFUEL: 0 disclosures
[863/926] UCALFUEL: wrote 0 rows (460s elapsed, 0.5s/symbol avg)
  UCOBANK: 2 disclosures
[864/926] UCOBANK: wrote 2 rows (460s elapsed, 0.5s/symbol avg)
  UFLEX: 76 disclosures
[865/926] UFLEX: wrote 76 rows (461s elapsed, 0.5s/symbol avg)
  UJJIVAN: 56 disclosures
[866/926] UJJIVAN: wrote 56 rows (461s elapsed, 0.5s/symbol avg)
  UJJIVANSFB: 40 disclosures
[867/926] UJJIVANSFB: wrote 40 rows (462s elapsed, 0.5s/symbol avg)
  ULTRACEMCO: 256 disclosures
[868/926] ULTRACEMCO: wrote 256 rows (462s elapsed, 0.5s/symbol avg)
  UNICHEMLAB: 49 disclosures
[869/926] UNICHEMLAB: wrote 49 rows (463s elapsed, 0.5s/symbol avg)
  UNIONBANK: 5 disclosures
[870/926] UNIONBANK: wrote 5 rows (463s elapsed, 0.5s/symbol avg)
  UNIONCARBI: 0 disclosures
[871/926] UNIONCARBI: wrote 0 rows (464s elapsed, 0.5s/symbol avg)
  UNIPHOS: 0 disclosures
[872/926] UNIPHOS: wrote 0 rows (464s elapsed, 0.5s/symbol avg)
  UNITDSPR: 20 disclosures
[873/926] UNITDSPR: wrote 20 rows (465s elapsed, 0.5s/symbol avg)
  UNITECH: 34 disclosures
[874/926] UNITECH: wrote 34 rows (465s elapsed, 0.5s/symbol avg)
  UNOMINDA: 602 disclosures
[875/926] UNOMINDA: wrote 602 rows (466s elapsed, 0.5s/symbol avg)
  UPERGANGES: 0 disclosures
[876/926] UPERGANGES: wrote 0 rows (466s elapsed, 0.5s/symbol avg)
  UPL: 137 disclosures
[877/926] UPL: wrote 137 rows (467s elapsed, 0.5s/symbol avg)
  USHAMART: 371 disclosures
[878/926] USHAMART: wrote 371 rows (468s elapsed, 0.5s/symbol avg)
  UTIBANK: 0 disclosures
[879/926] UTIBANK: wrote 0 rows (468s elapsed, 0.5s/symbol avg)
  UTISUNDER: 0 disclosures
[880/926] UTISUNDER: wrote 0 rows (469s elapsed, 0.5s/symbol avg)
  UTTAMSTL: 14 disclosures
[881/926] UTTAMSTL: wrote 14 rows (469s elapsed, 0.5s/symbol avg)
  UTVSOF: 0 disclosures
[882/926] UTVSOF: wrote 0 rows (470s elapsed, 0.5s/symbol avg)
  VAKRANGEE: 40 disclosures
[883/926] VAKRANGEE: wrote 40 rows (470s elapsed, 0.5s/symbol avg)
  VARDHACRLC: 0 disclosures
[884/926] VARDHACRLC: wrote 0 rows (471s elapsed, 0.5s/symbol avg)
  VARUN: 0 disclosures
[885/926] VARUN: wrote 0 rows (471s elapsed, 0.5s/symbol avg)
  VARUNSHIP: 0 disclosures
[886/926] VARUNSHIP: wrote 0 rows (471s elapsed, 0.5s/symbol avg)
  VBL: 889 disclosures
[887/926] VBL: wrote 889 rows (472s elapsed, 0.5s/symbol avg)
  VDOCONINTL: 0 disclosures
[888/926] VDOCONINTL: wrote 0 rows (473s elapsed, 0.5s/symbol avg)
  VEDL: 389 disclosures
[889/926] VEDL: wrote 389 rows (473s elapsed, 0.5s/symbol avg)
  VENKEYS: 6 disclosures
[890/926] VENKEYS: wrote 6 rows (474s elapsed, 0.5s/symbol avg)
  VGUARD: 928 disclosures
[891/926] VGUARD: wrote 928 rows (474s elapsed, 0.5s/symbol avg)
  VIDEOIND: 97 disclosures
[892/926] VIDEOIND: wrote 97 rows (475s elapsed, 0.5s/symbol avg)
  VIJAYABANK: 0 disclosures
[893/926] VIJAYABANK: wrote 0 rows (475s elapsed, 0.5s/symbol avg)
  VIMTALABS: 38 disclosures
[894/926] VIMTALABS: wrote 38 rows (476s elapsed, 0.5s/symbol avg)
  VIPIND: 132 disclosures
[895/926] VIPIND: wrote 132 rows (476s elapsed, 0.5s/symbol avg)
  VISAKAIND: 67 disclosures
[896/926] VISAKAIND: wrote 67 rows (477s elapsed, 0.5s/symbol avg)
  VISHALEXPO: 0 disclosures
[897/926] VISHALEXPO: wrote 0 rows (477s elapsed, 0.5s/symbol avg)
  VISUALSOFT: 0 disclosures
[898/926] VISUALSOFT: wrote 0 rows (478s elapsed, 0.5s/symbol avg)
  VMM: 0 disclosures
[899/926] VMM: wrote 0 rows (478s elapsed, 0.5s/symbol avg)
  VOLTAMP: 52 disclosures
[900/926] VOLTAMP: wrote 52 rows (479s elapsed, 0.5s/symbol avg)
  VOLTAS: 0 disclosures
[901/926] VOLTAS: wrote 0 rows (479s elapsed, 0.5s/symbol avg)
  VRLLOG: 1 disclosures
[902/926] VRLLOG: wrote 1 rows (480s elapsed, 0.5s/symbol avg)
  VSNL: 0 disclosures
[903/926] VSNL: wrote 0 rows (480s elapsed, 0.5s/symbol avg)
  VYSYABANK: 0 disclosures
[904/926] VYSYABANK: wrote 0 rows (481s elapsed, 0.5s/symbol avg)
  WAAREEENER: 0 disclosures
[905/926] WAAREEENER: wrote 0 rows (481s elapsed, 0.5s/symbol avg)
  WALCHANNAG: 21 disclosures
[906/926] WALCHANNAG: wrote 21 rows (481s elapsed, 0.5s/symbol avg)
  WELCORP: 82 disclosures
[907/926] WELCORP: wrote 82 rows (482s elapsed, 0.5s/symbol avg)
  WELGUJ: 0 disclosures
[908/926] WELGUJ: wrote 0 rows (482s elapsed, 0.5s/symbol avg)
  WELSPUNGUJ: 0 disclosures
[909/926] WELSPUNGUJ: wrote 0 rows (483s elapsed, 0.5s/symbol avg)
  WELSPUNIND: 0 disclosures
[910/926] WELSPUNIND: wrote 0 rows (483s elapsed, 0.5s/symbol avg)
  WHIRLPOOL: 15 disclosures
[911/926] WHIRLPOOL: wrote 15 rows (484s elapsed, 0.5s/symbol avg)
  WIPRO: 3157 disclosures
[912/926] WIPRO: wrote 3157 rows (485s elapsed, 0.5s/symbol avg)
  WOCKPHARMA: 205 disclosures
[913/926] WOCKPHARMA: wrote 205 rows (485s elapsed, 0.5s/symbol avg)
  WWIL: 0 disclosures
[914/926] WWIL: wrote 0 rows (486s elapsed, 0.5s/symbol avg)
  YESBANK: 4549 disclosures
[915/926] YESBANK: wrote 4549 rows (486s elapsed, 0.5s/symbol avg)
  ZANDUPHARM: 0 disclosures
[916/926] ZANDUPHARM: wrote 0 rows (487s elapsed, 0.5s/symbol avg)
  ZEEL: 583 disclosures
[917/926] ZEEL: wrote 583 rows (488s elapsed, 0.5s/symbol avg)
  ZEENEWS: 0 disclosures
[918/926] ZEENEWS: wrote 0 rows (488s elapsed, 0.5s/symbol avg)
  ZEETELE: 0 disclosures
[919/926] ZEETELE: wrote 0 rows (488s elapsed, 0.5s/symbol avg)
  ZENITHCOMP: 0 disclosures
[920/926] ZENITHCOMP: wrote 0 rows (489s elapsed, 0.5s/symbol avg)
  ZENSARTECH: 390 disclosures
[921/926] ZENSARTECH: wrote 390 rows (489s elapsed, 0.5s/symbol avg)
  ZENTEC: 62 disclosures
[922/926] ZENTEC: wrote 62 rows (490s elapsed, 0.5s/symbol avg)
  ZOMATO: 0 disclosures
[923/926] ZOMATO: wrote 0 rows (490s elapsed, 0.5s/symbol avg)
  ZUARIAGRO: 0 disclosures
[924/926] ZUARIAGRO: wrote 0 rows (491s elapsed, 0.5s/symbol avg)
  ZYDUSLIFE: 98 disclosures
[925/926] ZYDUSLIFE: wrote 98 rows (491s elapsed, 0.5s/symbol avg)
  ZYDUSWELL: 162 disclosures
[926/926] ZYDUSWELL: wrote 162 rows (492s elapsed, 0.5s/symbol avg)

Done. 926 symbols fetched to C:\Users\parik\OneDrive\Desktop\Data test\data\insider_trading in 492s
