  fyId=1 periodId=1 (April - June 2026): 1597 ETF/index-fund rows
  fyId=2 periodId=1 (January - March 2026): 1546 ETF/index-fund rows
  fyId=2 periodId=2 (October - December 2025): 1511 ETF/index-fund rows
  fyId=2 periodId=3 (July - September 2025): 1455 ETF/index-fund rows
  fyId=2 periodId=4 (April - June 2025): 1389 ETF/index-fund rows
  fyId=3 periodId=1 (January - March 2025): 1308 ETF/index-fund rows
  fyId=3 periodId=2 (October - December 2024): 0 ETF/index-fund rows
  fyId=3 periodId=3 (July - September 2024): 1070 ETF/index-fund rows
  fyId=3 periodId=4 (April - June 2024): 989 ETF/index-fund rows
  fyId=4 periodId=1 (January - March 2024): 939 ETF/index-fund rows
  fyId=4 periodId=2 (October - December 2023): 881 ETF/index-fund rows
  fyId=4 periodId=3 (July - September 2023): 853 ETF/index-fund rows
  fyId=4 periodId=4 (April - June 2023): 830 ETF/index-fund rows
  fyId=5 periodId=1 (January - March 2023): 800 ETF/index-fund rows
  fyId=5 periodId=2 (October - December 2022): 683 ETF/index-fund rows
  fyId=5 periodId=3 (July - September 2022): 526 ETF/index-fund rows
  fyId=5 periodId=4 (April - June 2022): 473 ETF/index-fund rows
  fyId=6 periodId=1 (January - March 2022): 469 ETF/index-fund rows
  fyId=6 periodId=2 (October - December 2021): 357 ETF/index-fund rows
  fyId=6 periodId=3 (July - September 2021): 312 ETF/index-fund rows
  fyId=6 periodId=4 (April - June 2021): 290 ETF/index-fund rows
  fyId=7 periodId=1 (January - March 2021): 265 ETF/index-fund rows
  fyId=7 periodId=2 (October - December 2020): 236 ETF/index-fund rows
  fyId=7 periodId=3 (July - September 2020): 222 ETF/index-fund rows
  fyId=7 periodId=4 (April - June 2020): 216 ETF/index-fund rows
  fyId=8 periodId=1 (January - March 2020): 205 ETF/index-fund rows
  fyId=8 periodId=2 (October - December 2019): 204 ETF/index-fund rows
  fyId=8 periodId=3 (July - September 2019): 194 ETF/index-fund rows
  fyId=8 periodId=4 (April - June 2019): 182 ETF/index-fund rows
  fyId=9 periodId=1 (January - March 2019): 181 ETF/index-fund rows
  fyId=9 periodId=2 (October - December 2018): 170 ETF/index-fund rows
  fyId=9 periodId=3 (July - September 2018): 167 ETF/index-fund rows
  fyId=9 periodId=4 (April - June 2018): 163 ETF/index-fund rows
  fyId=10 periodId=1 (January - March 2018): 160 ETF/index-fund rows
  fyId=10 periodId=2 (October - December 2017): 159 ETF/index-fund rows
  fyId=10 periodId=3 (July - September 2017): 154 ETF/index-fund rows
  fyId=10 periodId=4 (April - June 2017): 147 ETF/index-fund rows
  fyId=11 periodId=1 (January - March 2017): 147 ETF/index-fund rows
  fyId=11 periodId=2 (October - December 2016): 146 ETF/index-fund rows
  fyId=11 periodId=3 (July - September 2016): 144 ETF/index-fund rows
  fyId=11 periodId=4 (April - June 2016): 141 ETF/index-fund rows
  fyId=12 periodId=1 (January - March 2016): 138 ETF/index-fund rows
  fyId=12 periodId=2 (October - December 2015): 137 ETF/index-fund rows
  fyId=12 periodId=3 (July - September 2015): 136 ETF/index-fund rows
  fyId=12 periodId=4 (April - June 2015): 131 ETF/index-fund rows
  fyId=13 periodId=1 (January - March 2015): 130 ETF/index-fund rows
  fyId=13 periodId=2 (October - December 2014): 127 ETF/index-fund rows
  fyId=13 periodId=3 (July - September 2014): 125 ETF/index-fund rows
  fyId=13 periodId=4 (April - June 2014): 124 ETF/index-fund rows
  fyId=14 periodId=1 (January - March 2014): 122 ETF/index-fund rows
  fyId=14 periodId=2 (October - December 2013): 121 ETF/index-fund rows
  fyId=14 periodId=3 (July - September 2013): 120 ETF/index-fund rows
  fyId=14 periodId=4 (April - June 2013): 119 ETF/index-fund rows
  fyId=15 periodId=1 (January - March 2013): 119 ETF/index-fund rows
  fyId=15 periodId=2 (October - December 2012): 75 ETF/index-fund rows
  fyId=15 periodId=3 (July - September 2012): 76 ETF/index-fund rows
  fyId=15 periodId=4 (April - June 2012): 76 ETF/index-fund rows
  fyId=16 periodId=1 (January - March 2012): 77 ETF/index-fund rows
  fyId=16 periodId=2 (October - December 2011): 75 ETF/index-fund rows
  fyId=16 periodId=3 (July - September 2011): 72 ETF/index-fund rows
  fyId=16 periodId=4 (April - June 2011): 71 ETF/index-fund rows
  fyId=17 periodId=1 (January - March 2011): 69 ETF/index-fund rows
  fyId=17 periodId=2 (October - December 2010): 67 ETF/index-fund rows
  fyId=17 periodId=3 (July - September 2010): 51 ETF/index-fund rows
  fyId=17 periodId=4 (April - June 2010): 44 ETF/index-fund rows
  fyId=18 periodId=1 (March 2010): 42 ETF/index-fund rows
  fyId=18 periodId=2 (February 2010): 40 ETF/index-fund rows
  fyId=18 periodId=3 (January 2010): 39 ETF/index-fund rows
  fyId=18 periodId=4 (December 2009): 39 ETF/index-fund rows
  fyId=19 periodId=1 (March 2009): 39 ETF/index-fund rows
  fyId=19 periodId=2 (February 2009): 38 ETF/index-fund rows
  fyId=19 periodId=3 (January 2009): 38 ETF/index-fund rows
  fyId=19 periodId=4 (December 2008): 38 ETF/index-fund rows
  fyId=20 periodId=1 (March 2008): 34 ETF/index-fund rows
  fyId=20 periodId=2 (February 2008): 34 ETF/index-fund rows
  fyId=20 periodId=3 (January 2008): 33 ETF/index-fund rows
  fyId=20 periodId=4 (December 2007): 33 ETF/index-fund rows
  fyId=21 periodId=1 (March 2007): 28 ETF/index-fund rows
  fyId=21 periodId=2 (February 2007): 26 ETF/index-fund rows
  fyId=21 periodId=3 (January 2007): 26 ETF/index-fund rows
  fyId=21 periodId=4 (December 2006): 26 ETF/index-fund rows

81/92 calls succeeded, 81 distinct quarters, 651s elapsed
Wrote 24836 rows to C:\Users\parik\OneDrive\Desktop\Data test\data\etf_aum\quarterly_aum.csv
